******************************************************************************
                  TI ARM Linker PC v18.1.3                     
******************************************************************************
>> Linked Sat Dec 29 17:57:15 2018

OUTPUT FILE NAME:   <httpget_EK_TM4C1294XL_TI.out>
ENTRY POINT SYMBOL: "_c_int00"  address: 0001161d


MEMORY CONFIGURATION

         name            origin    length      used     unused   attr    fill
----------------------  --------  ---------  --------  --------  ----  --------
  FLASH                 00000000   00100000  0001931d  000e6ce3  R  X
  SRAM                  20000000   00040000  0001056c  0002fa94  RW X


SEGMENT ALLOCATION MAP

run origin  load origin   length   init length attrs members
----------  ----------- ---------- ----------- ----- -------
00000000    00000000    00019328   00019328    r-x
  00000000    00000000    0000003c   0000003c    r-- .resetVecs
  00000040    00000040    000164ba   000164ba    r-x .text
  000164fc    000164fc    000028b7   000028b7    r-- .const
  00018db8    00018db8    00000570   00000570    r-- .cinit
20000000    20000000    00000360   00000000    rw-
  20000000    20000000    00000360   00000000    rw- .vecs
20000380    20000380    00010210   00000000    rw-
  20000380    20000380    0000ed80   00000000    rw- .bss
  2000f100    2000f100    00000c8c   00000000    rw- .data
  2000fd90    2000fd90    00000800   00000000    rw- .stack


SECTION ALLOCATION MAP

 output                                  attributes/
section   page    origin      length       input sections
--------  ----  ----------  ----------   ----------------
.text      0    00000040    000164ba     
                  00000040    00000c68     stk.aem4f : tcpin.oem4f (.text:TcpInput)
                  00000ca8    00000a5e     rtsv7M4_T_le_v4SPD16_eabi.lib : _printfi.c.obj (.text:__TI_printfi)
                  00001706    00000002     hal_userled_stub.aem4f : llled.oem4f (.text:LED_TOGGLE)
                  00001708    000008b8     stk.aem4f : tcpout.oem4f (.text:TcpOutput)
                  00001fc0    00000430     sysbios.aem4f : BIOS.obj (.text:ti_sysbios_family_arm_m3_Hwi_excDumpRegs__I)
                  000023f0    0000041c     httpget.obj (.text:getOpenWeatherDataTaskFunc)
                  0000280c    00000408     stk.aem4f : ipout.oem4f (.text:IPTxPacket)
                  00002c14    00000384               : ipin.oem4f (.text:IPRxPacket)
                  00002f98    00000372     nettool_ipv4.aem4f : dnscomn.oem4f (.text:DNSResolveByName)
                  0000330a    00000002     stk.aem4f : nat.oem4f (.text:NatMsg)
                  0000330c    0000034c     ti.targets.arm.rtsarm.aem4f : System.oem4f (.text:xdc_runtime_System_doPrint__I)
                  00003658    000002fe     nettool_ipv4.aem4f : dnscomn.oem4f (.text:DNSResolveByAddr)
                  00003956    00000002     os.aem4f : task.oem4f (.text:_TaskInit)
                  00003958    000002f8     nettool_ipv4.aem4f : inetaddr.oem4f (.text:getaddrinfo)
                  00003c50    000002da                        : dnscomn.oem4f (.text:DNSResolveByNS)
                  00003f2a    00000002     os.aem4f : task.oem4f (.text:_TaskShutdown)
                  00003f2c    00000284     stk.aem4f : sock.oem4f (.text:SockSet)
                  000041b0    00000270     rtsv7M4_T_le_v4SPD16_eabi.lib : _printfi.c.obj (.text:_pconv_a)
                  00004420    0000024c     stk.aem4f : ipfrag.oem4f (.text:IPReasm)
                  0000466c    0000023c               : icmpin.oem4f (.text:ICMPInput)
                  000048a8    00000238               : udp.oem4f (.text:UdpInput)
                  00004ae0    00000204     Boot.aem4f : Boot_sysctl.oem4f (.text:ti_catalog_arm_cortexm4_tiva_ce_Boot_sysCtlClockFreqSetI__I)
                  00004ce4    00000004     stk.aem4f : bind.oem4f (.text:BindGetIF)
                  00004ce8    000001fc     sysbios.aem4f : BIOS.obj (.text:ti_sysbios_family_arm_m3_Hwi_excHandlerMax__I)
                  00004ee4    000001f4     stk.aem4f : sock.oem4f (.text:SockRecv)
                  000050d8    000001d0     rtsv7M4_T_le_v4SPD16_eabi.lib : _printfi.c.obj (.text:_pconv_g)
                  000052a8    000001b8     drivers_tivaware.aem4f : EMACSnow.oem4f (.text:EMACSnow_NIMUInit)
                  00005460    000001b6     rtsv7M4_T_le_v4SPD16_eabi.lib : fd_add_t2.asm.obj (.text)
                  00005616    00000002     hal_ser_stub.aem4f : llserstb.oem4f (.text:_llSerialServiceCheck)
                  00005618    000001b0     stk.aem4f : lliout.oem4f (.text:LLITxIpPacket)
                  000057c8    000001ac               : lliin.oem4f (.text:LLIRxPacket)
                  00005974    0000019c     os.aem4f : mem.oem4f (.text:mmAlloc)
                  00005b10    0000019a     nettool_ipv4.aem4f : dnsclnt.oem4f (.text:DNSResolve)
                  00005caa    00000002     hal_ser_stub.aem4f : llserstb.oem4f (.text:_llSerialShutdown)
                  00005cac    00000198     stk.aem4f : igmp.oem4f (.text:IGMPInput)
                  00005e44    00000198     nettool_ipv4.aem4f : ipaddr.oem4f (.text:NtGetPublicHost)
                  00005fdc    00000190     stk.aem4f : sock.oem4f (.text:SockNew)
                  0000616c    00000188     httpget.obj (.text:SendInfoToServer)
                  000062f4    00000174     netctrl_min_ipv4.aem4f : netctrl.oem4f (.text:NC_NetStart)
                  00006468    00000174     sysbios.aem4f : BIOS.obj (.text:ti_sysbios_family_arm_m3_Hwi_excBusFault__I)
                  000065dc    00000170     stk.aem4f : rtc.oem4f (.text:RTCReport)
                  0000674c    0000016c     nettool_ipv4.aem4f : dnscomn.oem4f (.text:DNSResolveExternal)
                  000068b8    0000016a     stk.aem4f : sb.oem4f (.text:SBRead)
                  00006a22    00000006     driverlib.lib : emac.obj (.text:EMACRxDMADescriptorListSet)
                  00006a28    00000164     sysbios.aem4f : BIOS.obj (.text:ti_sysbios_family_arm_m3_Hwi_excUsageFault__I)
                  00006b8c    00000160     stk.aem4f : sock.oem4f (.text:SockConnect)
                  00006cec    00000158     nettool_ipv4.aem4f : dhcpmain.oem4f (.text:DHCPOpen)
                  00006e44    00000004     stk.aem4f : bind.oem4f (.text:BindGetNext)
                  00006e48    00000154     sysbios.aem4f : BIOS.obj (.text:ti_sysbios_knl_Semaphore_pend__E)
                  00006f9c    00000150     drivers_tivaware.aem4f : GPIOTiva.oem4f (.text:GPIO_setConfig)
                  000070ec    00000150     httpget.obj (.text:swiAverage_ISR)
                  0000723c    00000004     http_ndk.aem4f : httpcli.oem4f (.text:HTTPCli_construct)
                  00007240    00000150     sysbios.aem4f : BIOS.obj (.text:ti_sysbios_knl_Task_Instance_finalize__E)
                  00007390    00000148                   : BIOS.obj (.text:ti_sysbios_family_arm_m3_Hwi_excMemFault__I)
                  000074d8    00000144     stk.aem4f : bind.oem4f (.text:BindNew)
                  0000761c    00000140               : tcp.oem4f (.text:TcpTimeoutCheck)
                  0000775c    0000013c     nettool_ipv4.aem4f : config.oem4f (.text:CfgAddEntry)
                  00007898    0000013c     stk.aem4f : sockint.oem4f (.text:SockNotify)
                  000079d4    0000013c               : sock.oem4f (.text:SockSend)
                  00007b10    0000013c     rtsv7M4_T_le_v4SPD16_eabi.lib : _printfi.c.obj (.text:_pconv_e)
                  00007c4c    00000136     nettool_ipv4.aem4f : dnspkt.oem4f (.text:DNSGetReply)
                  00007d82    00000136     rtsv7M4_T_le_v4SPD16_eabi.lib : fd_div_t2.asm.obj (.text)
                  00007eb8    00000134     stk.aem4f : icmp.oem4f (.text:ICMPGenPacket)
                  00007fec    00000132     nettool_ipv4.aem4f : dnspkt.oem4f (.text:DNSReadRecord)
                  0000811e    00000130     driverlib.lib : gpio.obj (.text:GPIOPadConfigSet)
                  0000824e    00000002     hal_userled_stub.aem4f : llled.oem4f (.text:_llUserLedInit)
                  00008250    0000012c     EK_TM4C1294XL.obj (.text:EK_TM4C1294XL_initEMAC)
                  0000837c    00000128     http_ndk.aem4f : httpcli.oem4f (.text:contentHandler)
                  000084a4    00000124     stk.aem4f : sockpcb.oem4f (.text:SockPcbResolve)
                  000085c8    00000124               : udp.oem4f (.text:UdpOutput)
                  000086ec    00000120     rtsv7M4_T_le_v4SPD16_eabi.lib : _printfi.c.obj (.text:fcvt)
                  0000880c    00000120     httpget_pem4f.oem4f (.text:ti_ndk_config_Global_stackThread)
                  0000892c    00000118     http_ndk.aem4f : httpcli.oem4f (.text:HTTPCli_connect)
                  00008a44    00000118     stk.aem4f : tcpout.oem4f (.text:TcpGenPacket)
                  00008b5c    00000118     ti.targets.arm.rtsarm.aem4f : Error.oem4f (.text:xdc_runtime_Error_policyDefault__E)
                  00008c74    00000114     stk.aem4f : nimu.oem4f (.text:NIMUIoctl)
                  00008d88    00000114     rtsv7M4_T_le_v4SPD16_eabi.lib : fputs.c.obj (.text:fputs)
                  00008e9c    00000110     stk.aem4f : node.oem4f (.text:NodeTreeFree)
                  00008fac    00000110               : raw.oem4f (.text:RawInput)
                  000090bc    00000110     rtsv7M4_T_le_v4SPD16_eabi.lib : s_scalbn.c.obj (.text:scalbn)
                  000091cc    00000110                                   : strtoul.c.obj (.text:strtoul)
                  000092dc    0000010c     stk.aem4f : rtable.oem4f (.text:RtFind)
                  000093e8    0000010a               : route.oem4f (.text:RtCreate)
                  000094f2    00000002     hal_userled_stub.aem4f : llled.oem4f (.text:_llUserLedShutdown)
                  000094f4    00000108     drivers_tivaware.aem4f : EMACSnow.oem4f (.text:EMACSnow_emacStart)
                  000095fc    00000004     os.aem4f : ossys.oem4f (.text:NDK_vsprintf)
                  00009600    00000108     sysbios.aem4f : BIOS.obj (.text:ti_sysbios_family_arm_lm4_Timer_start__E)
                  00009708    00000106     http_ndk.aem4f : httpcli.oem4f (.text:HTTPCli_getResponseField)
                  0000980e    00000002     rtsv7M4_T_le_v4SPD16_eabi.lib : _lock.c.obj (.text:_nop)
                  00009810    00000104     os.aem4f : task.oem4f (.text:llEnter)
                  00009914    00000102     nettool_ipv4.aem4f : dhcppkt.oem4f (.text:dhcpPacketProcess)
                  00009a16    00000102                        : inetaddr.oem4f (.text:inet_aton)
                  00009b18    00000100     stk.aem4f : igmp.oem4f (.text:IGMPSendReply)
                  00009c18    00000100     ti.targets.arm.rtsarm.aem4f : Core-mem.oem4f (.text:xdc_runtime_Core_createObject__I)
                  00009d18    000000fc     netctrl_min_ipv4.aem4f : netctrl.oem4f (.text:NetScheduler)
                  00009e14    000000fc     rtsv7M4_T_le_v4SPD16_eabi.lib : fd_mul_t2.asm.obj (.text)
                  00009f10    000000f8     stk.aem4f : pipe.oem4f (.text:PipeRecv)
                  0000a008    000000f8     ti.targets.arm.rtsarm.aem4f : Startup.oem4f (.text:xdc_runtime_Startup_startMods__I)
                  0000a100    000000f8     httpget_pem4f.oem4f (.text:xdc_runtime_System_printfExtend__I)
                  0000a1f8    000000f4     os.aem4f : task.oem4f (.text:TaskGetEnv)
                  0000a2ec    000000f4     sysbios.aem4f : m3_Hwi_asm.obj (.text:ti_sysbios_family_arm_m3_Hwi_dispatch__I)
                  0000a3e0    000000f4                   : BIOS.obj (.text:ti_sysbios_knl_Task_Instance_init__E)
                  0000a4d4    000000f2     http_ndk.aem4f : httpcli.oem4f (.text:bufferedRecv)
                  0000a5c6    00000002     hal_ser_stub.aem4f : llserstb.oem4f (.text:llSerialService)
                  0000a5c8    000000f0     stk.aem4f : lliout.oem4f (.text:LLIGenArpPacket)
                  0000a6b8    000000f0               : sock.oem4f (.text:SockClose)
                  0000a7a8    000000ee     nettool_ipv4.aem4f : dnspkt.oem4f (.text:DNSWriteRecord)
                  0000a896    00000002     rtsv7M4_T_le_v4SPD16_eabi.lib : div0.asm.obj (.text)
                  0000a898    000000ec     http_ndk.aem4f : httpcli.oem4f (.text:redirect)
                  0000a984    00000004     stk.aem4f : node.oem4f (.text:NodeSetRt)
                  0000a988    000000ec     sysbios.aem4f : BIOS.obj (.text:ti_sysbios_knl_Task_postInit__I)
                  0000aa74    000000e8     os.aem4f : task.oem4f (.text:TaskSetEnv)
                  0000ab5c    000000e6     nettool_ipv4.aem4f : dnspkt.oem4f (.text:DNSWriteName)
                  0000ac42    00000002     httpget_pem4f.oem4f (.text:ti_ndk_config_Global_NetworkClose)
                  0000ac44    000000e6     http_ndk.aem4f : httpcli.oem4f (.text:HTTPCli_initSockAddr)
                  0000ad2a    00000002     httpget_pem4f.oem4f (.text:ti_ndk_config_Global_NetworkOpen)
                  0000ad2c    000000e4     httpget.obj (.text:netIPAddrHook)
                  0000ae10    000000e0     stk.aem4f : tcptime.oem4f (.text:TcpTimeoutRexmt)
                  0000aef0    000000dc               : sb.oem4f (.text:SBWrite)
                  0000afcc    000000dc     nettool_ipv4.aem4f : dhcpsock.oem4f (.text:dhcpSocketOpen)
                  0000b0a8    000000dc                        : dhcpsm.oem4f (.text:dhcpState)
                  0000b184    000000dc     rtsv7M4_T_le_v4SPD16_eabi.lib : setvbuf.c.obj (.text:setvbuf)
                  0000b260    000000d8     stk.aem4f : node.oem4f (.text:NodeAdd)
                  0000b338    000000d8               : tcpprot.oem4f (.text:TcpPrSetOption)
                  0000b410    000000d4     drivers_tivaware.aem4f : EMACSnow.oem4f (.text:EMACSnow_handleRx)
                  0000b4e4    000000d4     stk.aem4f : sockpcb.oem4f (.text:SockPcbBind)
                  0000b5b8    000000d4     sysbios.aem4f : BIOS.obj (.text:ti_sysbios_heaps_HeapMem_alloc__E)
                  0000b68c    000000d1     stk.aem4f : nimu.oem4f (.text:NIMUReceivePacket)
                  0000b75d    00000001     --HOLE-- [fill = 0]
                  0000b75e    00000002     httpget_pem4f.oem4f (.text:ti_sysbios_BIOS_nullFunc__I)
                  0000b760    000000cc     stk.aem4f : icmp.oem4f (.text:ICMPSendRtAdv)
                  0000b82c    000000cc     nettool_ipv4.aem4f : dhcpbild.oem4f (.text:dhcpBuildHeader)
                  0000b8f8    000000cc                        : dhcpsm.oem4f (.text:dhcpIPAdd)
                  0000b9c4    000000cc                        : dhcppkt.oem4f (.text:dhcpVerifyMessage)
                  0000ba90    000000cc     ti.targets.arm.rtsarm.aem4f : Core-smem.oem4f (.text:xdc_runtime_Core_constructObject__I)
                  0000bb5c    000000c8     stk.aem4f : rawethsock.oem4f (.text:RawEthSockNew)
                  0000bc24    000000c8     netctrl_min_ipv4.aem4f : netsrv.oem4f (.text:SPIpNet)
                  0000bcec    000000c8     rtsv7M4_T_le_v4SPD16_eabi.lib : perror.c.obj (.text:perror)
                  0000bdb4    00000004     stk.aem4f : rawethsock_prot.oem4f (.text:RawEthSockPrAttach)
                  0000bdb8    000000c8     sysbios.aem4f : BIOS.obj (.text:ti_sysbios_knl_Task_sleep__E)
                  0000be80    000000c4     drivers_tivaware.aem4f : EMACSnow.oem4f (.text:EMACSnow_InitDMADescriptors)
                  0000bf44    000000c4     stk.aem4f : igmp.oem4f (.text:IGMPJoinHostGroup)
                  0000c008    000000c4     nettool_ipv4.aem4f : dhcpsm.oem4f (.text:StateBound)
                  0000c0cc    000000c4     http_ndk.aem4f : httpcli.oem4f (.text:getChunkedData)
                  0000c190    000000c2     nettool_ipv4.aem4f : dnspkt.oem4f (.text:DNSReadName)
                  0000c252    00000002     httpget_pem4f.oem4f (.text:xdc_runtime_Startup_reset__I)
                  0000c254    000000be     nettool_ipv4.aem4f : dnsclnt.oem4f (.text:DNSGetHostByName)
                  0000c312    000000bc     stk.aem4f : sockpcb.oem4f (.text:SockPcbFind)
                  0000c3ce    00000002     --HOLE-- [fill = 0]
                  0000c3d0    000000bc               : vlan.oem4f (.text:VLANDeinit)
                  0000c48c    00000004               : rawethsock_prot.oem4f (.text:RawEthSockPrDetach)
                  0000c490    000000bc     sysbios.aem4f : BIOS.obj (.text:ti_sysbios_family_arm_m3_Hwi_excDebugMon__I)
                  0000c54c    00000004     os.aem4f : semaphore.oem4f (.text:SemPend)
                  0000c550    000000bc     sysbios.aem4f : BIOS.obj (.text:ti_sysbios_family_arm_m3_Hwi_excHardFault__I)
                  0000c60c    000000b8     EK_TM4C1294XL.obj (.text:EK_TM4C1294XL_initGeneral)
                  0000c6c4    000000b8     stk.aem4f : icmpin.oem4f (.text:ICMPRevSrcRoute)
                  0000c77c    000000b8               : lli.oem4f (.text:_LLITimeoutCheck)
                  0000c834    00000004     os.aem4f : semaphore.oem4f (.text:SemPost)
                  0000c838    000000b8     sysbios.aem4f : BIOS.obj (.text:ti_sysbios_knl_Task_exit__E)
                  0000c8f0    000000b4     stk.aem4f : tcptime.oem4f (.text:TcpTimeoutKeep)
                  0000c9a4    000000b4     http_ndk.aem4f : httpcli.oem4f (.text:getStatus)
                  0000ca58    000000b4     sysbios.aem4f : BIOS.obj (.text:ti_sysbios_knl_Task_checkStacks__E)
                  0000cb0c    000000b1     rtsv7M4_T_le_v4SPD16_eabi.lib : _printfi.c.obj (.text:_ltostr)
                  0000cbbd    00000003     --HOLE-- [fill = 0]
                  0000cbc0    000000b1     nettool_ipv4.aem4f : inetaddr.oem4f (.text:createAddrInfo)
                  0000cc71    00000001     --HOLE-- [fill = 0]
                  0000cc72    000000b0     stk.aem4f : rawethsock.oem4f (.text:RawEthSockSet)
                  0000cd22    00000002     --HOLE-- [fill = 0]
                  0000cd24    000000ac               : rtable.oem4f (.text:RtTimeoutCheck)
                  0000cdd0    000000ac     http_ndk.aem4f : httpcli.oem4f (.text:httpProxyTunnel)
                  0000ce7c    00000004     os.aem4f : semaphore.oem4f (.text:SemReset)
                  0000ce80    000000ac     sysbios.aem4f : BIOS.obj (.text:ti_sysbios_family_arm_lm4_Timer_enableTiva__I)
                  0000cf2c    000000aa     network_ndk.aem4f : ssock.oem4f (.text:Ssock_send)
                  0000cfd6    00000002     --HOLE-- [fill = 0]
                  0000cfd8    000000a8     stk.aem4f : sockint.oem4f (.text:SockCreatePacket)
                  0000d080    000000a4     sysbios.aem4f : BIOS.obj (.text:ti_sysbios_knl_Task_setPri__E)
                  0000d124    000000a1     httpget.obj (.text:main)
                  0000d1c5    00000003     --HOLE-- [fill = 0]
                  0000d1c8    000000a0     stk.aem4f : ip.oem4f (.text:IPGetRoute)
                  0000d268    000000a0     auto_init.aem4f : auto_init.oem4f (.text)
                  0000d308    000000a0     ti.targets.arm.rtsarm.aem4f : Text.oem4f (.text:xdc_runtime_Text_putMod__E)
                  0000d3a8    0000009e     stk.aem4f : nimu.oem4f (.text:NIMUAddEthernetHeader)
                  0000d446    0000009e     nettool_ipv4.aem4f : dhcpbild.oem4f (.text:dhcpBuildRequest)
                  0000d4e4    0000009c     stk.aem4f : exec.oem4f (.text:ExecOpen)
                  0000d580    0000009c     rtsv7M4_T_le_v4SPD16_eabi.lib : memcpy_t2.asm.obj (.text)
                  0000d61c    0000009a     ti.targets.arm.rtsarm.aem4f : Text.oem4f (.text:xdc_runtime_Text_putSite__E)
                  0000d6b6    00000002     --HOLE-- [fill = 0]
                  0000d6b8    00000098     netctrl_min_ipv4.aem4f : netctrl.oem4f (.text:NC_SystemOpen)
                  0000d750    00000098                            : netsrv.oem4f (.text:ServiceScan)
                  0000d7e8    00000098     Boot.aem4f : Boot.oem4f (.text:ti_catalog_arm_cortexm4_tiva_ce_Boot_sysCtlClockFreqSet__E)
                  0000d880    00000098     sysbios.aem4f : BIOS.obj (.text:ti_sysbios_knl_Task_schedule__I)
                  0000d918    00000096     rtsv7M4_T_le_v4SPD16_eabi.lib : ull_div_t2.asm.obj (.text)
                  0000d9ae    00000002     --HOLE-- [fill = 0]
                  0000d9b0    00000094     nettool_ipv4.aem4f : config.oem4f (.text:CfgRemoveEntry)
                  0000da44    00000004     network_ndk.aem4f : ssock.oem4f (.text:Ssock_getSocket)
                  0000da48    00000094     sysbios.aem4f : BIOS.obj (.text:ti_sysbios_family_arm_m3_Hwi_Instance_init__E)
                  0000dadc    00000004     os.aem4f : task.oem4f (.text:TaskSelf)
                  0000dae0    00000094     sysbios.aem4f : BIOS.obj (.text:ti_sysbios_family_arm_m3_Hwi_initNVIC__E)
                  0000db74    00000090     nettool_ipv4.aem4f : config.oem4f (.text:CfgExecute)
                  0000dc04    00000090     stk.aem4f : igmp.oem4f (.text:IGMPMsg)
                  0000dc94    00000090     os.aem4f : mem.oem4f (.text:mmBulkAlloc)
                  0000dd24    00000090     http_ndk.aem4f : httpcli.oem4f (.text:readLine)
                  0000ddb4    00000004     os.aem4f : task.oem4f (.text:TaskSetPri)
                  0000ddb8    00000090     sysbios.aem4f : BIOS.obj (.text:ti_sysbios_knl_Task_Module_startup__E)
                  0000de48    00000090                   : BIOS.obj (.text:ti_sysbios_knl_Task_startCore__E)
                  0000ded8    0000008c     nettool_ipv4.aem4f : dnscomn.oem4f (.text:DNSResolveQuery)
                  0000df64    0000008c     drivers_tivaware.aem4f : GPIOTiva.oem4f (.text:GPIO_init)
                  0000dff0    0000008c     stk.aem4f : ip.oem4f (.text:IPMsg)
                  0000e07c    0000008c     os.aem4f : mem.oem4f (.text:_mmInit)
                  0000e108    0000008c     rtsv7M4_T_le_v4SPD16_eabi.lib : fputc.c.obj (.text:fputc)
                  0000e194    0000008c     os.aem4f : mem.oem4f (.text:mmInitPage)
                  0000e220    0000008c     sysbios.aem4f : m3_TaskSupport_asm.obj (.text:ti_sysbios_family_arm_m3_TaskSupport_buildTaskStack)
                  0000e2ac    0000008a     netctrl_min_ipv4.aem4f : netsrv.oem4f (.text:SPRoute)
                  0000e336    00000002     --HOLE-- [fill = 0]
                  0000e338    00000088                            : netsrv.oem4f (.text:ServiceSpawn)
                  0000e3c0    00000088     stk.aem4f : sockpcb.oem4f (.text:SockPcbCtlError)
                  0000e448    00000087     httpget_pem4f.oem4f (.text:ti_ndk_config_Global_NetworkIPAddr)
                  0000e4cf    00000001     --HOLE-- [fill = 0]
                  0000e4d0    00000086     nettool_ipv4.aem4f : dhcpsm.oem4f (.text:StateRequesting)
                  0000e556    00000086     rtsv7M4_T_le_v4SPD16_eabi.lib : fd_cmp_t2.asm.obj (.text:__aeabi_cdcmple)
                  0000e5dc    00000086                                   : fd_cmp_t2.asm.obj (.text:__aeabi_cdrcmple)
                  0000e662    00000002     --HOLE-- [fill = 0]
                  0000e664    00000084     nettool_ipv4.aem4f : config.oem4f (.text:CfgGetEntry)
                  0000e6e8    00000084     drivers_tivaware.aem4f : EMACSnow.oem4f (.text:EMACSnow_processPhyInterrupt)
                  0000e76c    00000084     stk.aem4f : tcpprot.oem4f (.text:TcpPrAttach)
                  0000e7f0    00000084     os.aem4f : mem.oem4f (.text:mmBulkFree)
                  0000e874    00000084              : mem.oem4f (.text:mmFree)
                  0000e8f8    00000084     sysbios.aem4f : BIOS.obj (.text:ti_sysbios_family_arm_m3_Hwi_postInit__I)
                  0000e97c    00000082     nettool_ipv4.aem4f : dhcpsm.oem4f (.text:StateRenewRebind)
                  0000e9fe    00000002     --HOLE-- [fill = 0]
                  0000ea00    00000080     drivers_tivaware.aem4f : EMACSnow.oem4f (.text:EMACSnow_emacStop)
                  0000ea80    00000080                            : EMACSnow.oem4f (.text:EMACSnow_processPendingTx)
                  0000eb00    00000080     stk.aem4f : lli.oem4f (.text:LLINew)
                  0000eb80    00000080     netctrl_min_ipv4.aem4f : netsrv.oem4f (.text:NS_BootTask)
                  0000ec00    00000080     stk.aem4f : pbm.oem4f (.text:PBM_alloc)
                  0000ec80    00000080               : raw.oem4f (.text:RawOutput)
                  0000ed00    0000007e               : fileuser.oem4f (.text:fdClose)
                  0000ed7e    00000002     --HOLE-- [fill = 0]
                  0000ed80    0000007c     nettool_ipv4.aem4f : config.oem4f (.text:CfgGetNextEntry)
                  0000edfc    0000007c     drivers_tivaware.aem4f : EMACSnow.oem4f (.text:EMACSnow_hwiIntFxn)
                  0000ee78    0000007c     stk.aem4f : igmp.oem4f (.text:IGMPDoMCast)
                  0000eef4    0000007c               : igmp.oem4f (.text:IGMPJoin)
                  0000ef70    0000007c               : socket.oem4f (.text:NDK_setsockopt)
                  0000efec    0000007c               : nimu.oem4f (.text:NIMURegister)
                  0000f068    0000007c               : pbm.oem4f (.text:PBM_free)
                  0000f0e4    0000007c     nettool_ipv4.aem4f : inetaddr.oem4f (.text:inet_pton)
                  0000f160    0000007c     sysbios.aem4f : BIOS.obj (.text:ti_sysbios_heaps_HeapMem_free__E)
                  0000f1dc    0000007a     driverlib.lib : adc.obj (.text:ADCSequenceStepConfigure)
                  0000f256    0000007a     rtsv7M4_T_le_v4SPD16_eabi.lib : memset_t2.asm.obj (.text)
                  0000f2d0    00000078     driverlib.lib : emac.obj (.text:EMACInit)
                  0000f348    00000078     stk.aem4f : socket.oem4f (.text:NDK_sendto)
                  0000f3c0    00000078               : tcptime.oem4f (.text:TcpXmitTimer)
                  0000f438    00000078               : fileuser.oem4f (.text:fdOpenSession)
                  0000f4b0    00000078     os.aem4f : task.oem4f (.text:llExit)
                  0000f528    00000076     stk.aem4f : pipe.oem4f (.text:PipeSend)
                  0000f59e    00000002     --HOLE-- [fill = 0]
                  0000f5a0    00000075               : tcptime.oem4f (.text:TcpTimeoutSackRexmt)
                  0000f615    00000003     --HOLE-- [fill = 0]
                  0000f618    00000074               : igmp.oem4f (.text:IGMPLeaveHostGroup)
                  0000f68c    00000074               : nimu.oem4f (.text:NIMUShutdown)
                  0000f700    00000074               : raweth.oem4f (.text:RawEthRxPacket)
                  0000f774    00000074               : sockpcb.oem4f (.text:SockPcbConnect)
                  0000f7e8    00000074     rtsv7M4_T_le_v4SPD16_eabi.lib : fclose.c.obj (.text:__TI_closefile)
                  0000f85c    00000074     nettool_ipv4.aem4f : inetaddr.oem4f (.text:setAddrInfo)
                  0000f8d0    00000072     os.aem4f : semaphore.oem4f (.text:SemCreateBinary)
                  0000f942    00000002     --HOLE-- [fill = 0]
                  0000f944    00000070     http_ndk.aem4f : httpcli.oem4f (.text:HTTPCli_sendRequest)
                  0000f9b4    00000070     stk.aem4f : socket.oem4f (.text:NDK_send)
                  0000fa24    00000070               : rtable.oem4f (.text:RtFlush)
                  0000fa94    00000070     netctrl_min_ipv4.aem4f : netsrv.oem4f (.text:SPConfig)
                  0000fb04    00000070     stk.aem4f : sock.oem4f (.text:SockShutdown)
                  0000fb74    00000070     nettool_ipv4.aem4f : dhcptags.oem4f (.text:dhcpDecodeType)
                  0000fbe4    00000004     hal_ser_stub.aem4f : llserstb.oem4f (.text:_llSerialInit)
                  0000fbe8    00000070     sysbios.aem4f : BIOS.obj (.text:ti_sysbios_knl_Clock_workFunc__E)
                  0000fc58    0000006e     stk.aem4f : socket.oem4f (.text:NDK_recv)
                  0000fcc6    00000002     --HOLE-- [fill = 0]
                  0000fcc8    0000006e               : rtable.oem4f (.text:RtWalkNext)
                  0000fd36    0000006e               : sockpcb.oem4f (.text:SockPcbFindRaw)
                  0000fda4    0000006e     rtsv7M4_T_le_v4SPD16_eabi.lib : _printfi.c.obj (.text:_mcpy)
                  0000fe12    00000002     --HOLE-- [fill = 0]
                  0000fe14    0000006d     stk.aem4f : node.oem4f (.text:NodeNew)
                  0000fe81    00000003     --HOLE-- [fill = 0]
                  0000fe84    0000006d     ti.targets.arm.rtsarm.aem4f : System.oem4f (.text:xdc_runtime_System_formatNum__I)
                  0000fef1    00000003     --HOLE-- [fill = 0]
                  0000fef4    0000006c     os.aem4f : ossys.oem4f (.text:DbgPrintf)
                  0000ff60    0000006c     stk.aem4f : node.oem4f (.text:NodeTreeNew)
                  0000ffcc    0000006c               : raweth.oem4f (.text:RawEthTxPacket)
                  00010038    0000006c               : udp.oem4f (.text:UdpChecksum)
                  000100a4    0000006c     http_ndk.aem4f : httpcli.oem4f (.text:checkContentField)
                  00010110    0000006c     httpget_pem4f.oem4f (.text:ti_ndk_config_ip_init)
                  0001017c    00000004     rtsv7M4_T_le_v4SPD16_eabi.lib : exit.c.obj (.text:abort:abort)
                  00010180    0000006c     sysbios.aem4f : BIOS.obj (.text:ti_sysbios_knl_Swi_restoreHwi__E)
                  000101ec    0000006c     ti.targets.arm.rtsarm.aem4f : Error.oem4f (.text:xdc_runtime_Error_print__E)
                  00010258    0000006c                                 : Memory.oem4f (.text:xdc_runtime_Memory_alloc__E)
                  000102c4    0000006a     stk.aem4f : tcpprot.oem4f (.text:TcpPrInherit)
                  0001032e    00000002     --HOLE-- [fill = 0]
                  00010330    00000068     rtsv7M4_T_le_v4SPD16_eabi.lib : hostlseek.c.obj (.text:HOSTlseek)
                  00010398    00000068                                   : hostrename.c.obj (.text:HOSTrename)
                  00010400    00000068     stk.aem4f : socket.oem4f (.text:NDK_socket)
                  00010468    00000068               : pbm.oem4f (.text:PBM_open)
                  000104d0    00000068               : rtable.oem4f (.text:_RtNodeInsert)
                  00010538    00000068     rtsv7M4_T_le_v4SPD16_eabi.lib : copy_decompress_lzss.c.obj (.text:decompress:lzss:__TI_decompress_lzss)
                  000105a0    00000066     ti.targets.arm.rtsarm.aem4f : Core-mem.oem4f (.text:xdc_runtime_Core_deleteObject__I)
                  00010606    00000002     --HOLE-- [fill = 0]
                  00010608    00000064     nettool_ipv4.aem4f : config.oem4f (.text:CfgFree)
                  0001066c    00000064     drivers_tivaware.aem4f : GPIOTiva.oem4f (.text:GPIO_hwiIntFxn)
                  000106d0    00000064     stk.aem4f : pbm.oem4f (.text:PBMQ_enq)
                  00010734    00000064               : sockint.oem4f (.text:SockSpawnAbort)
                  00010798    00000064     rtsv7M4_T_le_v4SPD16_eabi.lib : s_frexp.c.obj (.text:frexp)
                  000107fc    00000064                                   : fseek.c.obj (.text:fseek)
                  00010860    00000064     hal_timer_bios.aem4f : lltimer.oem4f (.text:llTimerTick)
                  000108c4    00000004     stk.aem4f : listlib.oem4f (.text:list_get_head)
                  000108c8    00000064     sysbios.aem4f : BIOS.obj (.text:ti_sysbios_family_arm_lm4_Timer_Module_startup__E)
                  0001092c    00000064     httpget_pem4f.oem4f (.text:ti_sysbios_family_arm_m3_Hwi_create)
                  00010990    00000064     sysbios.aem4f : BIOS.obj (.text:ti_sysbios_family_arm_m3_Hwi_dispatchC__I)
                  000109f4    00000004     stk.aem4f : listlib.oem4f (.text:list_get_next)
                  000109f8    00000064     sysbios.aem4f : BIOS.obj (.text:ti_sysbios_knl_Semaphore_post__E)
                  00010a5c    00000064     stk.aem4f : lliin.oem4f (.text:updateRtTable)
                  00010ac0    00000062               : ipin.oem4f (.text:IPRouteIP)
                  00010b22    00000002     --HOLE-- [fill = 0]
                  00010b24    00000062               : sb.oem4f (.text:SBNew)
                  00010b86    00000062     rtsv7M4_T_le_v4SPD16_eabi.lib : _io_perm.c.obj (.text:__TI_wrt_ok)
                  00010be8    00000060     nettool_ipv4.aem4f : config.oem4f (.text:CfgGetEntryCnt)
                  00010c48    00000060     stk.aem4f : file.oem4f (.text:FdWaitEvent)
                  00010ca8    00000060     rtsv7M4_T_le_v4SPD16_eabi.lib : hostopen.c.obj (.text:HOSTopen)
                  00010d08    00000060     stk.aem4f : nimu.oem4f (.text:NIMUUnregister)
                  00010d68    00000060               : node.oem4f (.text:NodeFind)
                  00010dc8    00000060               : rtc.oem4f (.text:RTCMsg)
                  00010e28    00000060               : tcp.oem4f (.text:TcpChecksum)
                  00010e88    00000060     nettool_ipv4.aem4f : dhcptags.oem4f (.text:dhcpBuildOptions)
                  00010ee8    00000060     httpget_pem4f.oem4f (.text:ti_ndk_config_Global_serviceReport)
                  00010f48    0000005e     stk.aem4f : route.oem4f (.text:RtRemove)
                  00010fa6    0000005e     nettool_ipv4.aem4f : dhcpsm.oem4f (.text:StateSelecting)
                  00011004    0000005e     stk.aem4f : vlan.oem4f (.text:VLANReceivePacket)
                  00011062    00000002     --HOLE-- [fill = 0]
                  00011064    0000005c     nettool_ipv4.aem4f : config.oem4f (.text:CfgSetExecuteOrder)
                  000110c0    0000005c     stk.aem4f : nimu.oem4f (.text:NIMUIoctlSpecialCmd)
                  0001111c    0000005c     netctrl_min_ipv4.aem4f : netsrv.oem4f (.text:SPService)
                  00011178    0000005c     rtsv7M4_T_le_v4SPD16_eabi.lib : close.c.obj (.text:close)
                  000111d4    0000005c     httpget_pem4f.oem4f (.text:ti_sysbios_knl_Swi_create)
                  00011230    0000005c     sysbios.aem4f : BIOS.obj (.text:ti_sysbios_knl_Swi_run__I)
                  0001128c    00000004     http_ndk.aem4f : httpcli.oem4f (.text:threadExit)
                  00011290    0000005c     sysbios.aem4f : BIOS.obj (.text:ti_sysbios_knl_Swi_schedule__I)
                  000112ec    0000005c     httpget_pem4f.oem4f (.text:ti_sysbios_knl_Task_create)
                  00011348    0000005c     sysbios.aem4f : BIOS.obj (.text:ti_sysbios_knl_Task_unblockI__E)
                  000113a4    0000005b     ti.targets.arm.rtsarm.aem4f : Text.oem4f (.text:xdc_runtime_Text_putLab__E)
                  000113ff    00000001     --HOLE-- [fill = 0]
                  00011400    0000005a     stk.aem4f : route.oem4f (.text:RtRedirect)
                  0001145a    0000005a               : tcpprot.oem4f (.text:TcpValidateMetrics)
                  000114b4    0000005a     nettool_ipv4.aem4f : dhcpbild.oem4f (.text:dhcpBuildDecline)
                  0001150e    0000005a     os.aem4f : mem.oem4f (.text:mmCopy)
                  00011568    0000005a     httpget_pem4f.oem4f (.text:ti_ndk_config_tcp_init)
                  000115c2    00000002     --HOLE-- [fill = 0]
                  000115c4    00000058     stk.aem4f : bind.oem4f (.text:BindFree)
                  0001161c    00000058     boot.aem4f : boot.oem4f (.text)
                  00011674    00000058     driverlib.lib : emac.obj (.text:EMACPHYConfigSet)
                  000116cc    00000058     rtsv7M4_T_le_v4SPD16_eabi.lib : hostread.c.obj (.text:HOSTread)
                  00011724    00000058                                   : hostwrite.c.obj (.text:HOSTwrite)
                  0001177c    00000058     stk.aem4f : igmp.oem4f (.text:IGMPTimer)
                  000117d4    00000058     os.aem4f : semaphore.oem4f (.text:SemCreate)
                  0001182c    00000058     sysbios.aem4f : m3_Hwi_asm_switch.obj (.text:ti_sysbios_family_arm_m3_Hwi_initStacks__E)
                  00011884    00000056     driverlib.lib : gpio.obj (.text:GPIOIntTypeSet)
                  000118da    00000056     rtsv7M4_T_le_v4SPD16_eabi.lib : _printfi.c.obj (.text:_pconv_f)
                  00011930    00000056     http_ndk.aem4f : httpcli.oem4f (.text:sprsend)
                  00011986    00000002     --HOLE-- [fill = 0]
                  00011988    00000054     nettool_ipv4.aem4f : config.oem4f (.text:CfgEntryDeRef)
                  000119dc    00000054     http_ndk.aem4f : httpcli.oem4f (.text:HTTPCli_sendField)
                  00011a30    00000054     stk.aem4f : igmp.oem4f (.text:IGMPLeave)
                  00011a84    00000054               : rawethsock_pcb.oem4f (.text:RawEthSockPcbAttach)
                  00011ad8    00000054               : sockpcb.oem4f (.text:SockCleanPcb)
                  00011b2c    00000054               : tcptime.oem4f (.text:TcpTimeoutPersist)
                  00011b80    00000054     http_ndk.aem4f : httpcli.oem4f (.text:asyncThread)
                  00011bd4    00000054     rtsv7M4_T_le_v4SPD16_eabi.lib : ltoa.c.obj (.text:ltoa)
                  00011c28    00000054     sysbios.aem4f : BIOS.obj (.text:ti_sysbios_family_arm_lm4_Timer_initDevice__I)
                  00011c7c    00000004     httpget_pem4f.oem4f (.text:ti_sysbios_BIOS_RtsGateProxy_enter__E)
                  00011c80    00000054     sysbios.aem4f : BIOS.obj (.text:ti_sysbios_knl_Swi_Instance_init__E)
                  00011cd4    00000054     ti.targets.arm.rtsarm.aem4f : Assert.oem4f (.text:xdc_runtime_Assert_raise__I)
                  00011d28    00000052     nettool_ipv4.aem4f : dnscomn.oem4f (.text:DNSReplyFree)
                  00011d7a    00000052     stk.aem4f : tcpprot.oem4f (.text:TcpPrDetach)
                  00011dcc    00000052     rtsv7M4_T_le_v4SPD16_eabi.lib : _printfi.c.obj (.text:_ecpy)
                  00011e1e    00000002     --HOLE-- [fill = 0]
                  00011e20    00000050     drivers_tivaware.aem4f : GPIOTiva.oem4f (.text:GPIO_setCallback)
                  00011e70    00000050                            : GPIOTiva.oem4f (.text:GPIO_write)
                  00011ec0    00000050     stk.aem4f : socket.oem4f (.text:NDK_bind)
                  00011f10    00000050               : socket.oem4f (.text:NDK_connect)
                  00011f60    00000050               : route.oem4f (.text:RtNew)
                  00011fb0    00000050     driverlib.lib : sysctl.obj (.text:SysCtlPeripheralReset)
                  00012000    00000050     Boot.aem4f : Boot_sysctl.oem4f (.text:_SysCtlFrequencyGet)
                  00012050    00000050     sysbios.aem4f : BIOS.obj (.text:ti_sysbios_family_arm_m3_Hwi_Module_startup__E)
                  000120a0    00000050                   : BIOS.obj (.text:ti_sysbios_knl_Clock_Instance_init__E)
                  000120f0    00000050     ti.targets.arm.rtsarm.aem4f : Startup.oem4f (.text:xdc_runtime_Startup_exec__E)
                  00012140    00000050                                 : Text.oem4f (.text:xdc_runtime_Text_visitRope2__I)
                  00012190    0000004e     stk.aem4f : node.oem4f (.text:NodeDeRef)
                  000121de    0000004e     nettool_ipv4.aem4f : config.oem4f (.text:_CfgEntryScan)
                  0001222c    0000004c                        : ipaddr.oem4f (.text:NtAddNetwork)
                  00012278    0000004c     stk.aem4f : sockint.oem4f (.text:SockValidateRoute)
                  000122c4    0000004c     rtsv7M4_T_le_v4SPD16_eabi.lib : fflush.c.obj (.text:__TI_doflush)
                  00012310    0000004c                                   : atoi.c.obj (.text:atoi)
                  0001235c    0000004c                                   : cpy_tbl.c.obj (.text:copy_in)
                  000123a8    0000004c     sysbios.aem4f : BIOS.obj (.text:ti_sysbios_heaps_HeapMem_getStats__E)
                  000123f4    00000004     httpget_pem4f.oem4f (.text:ti_sysbios_BIOS_RtsGateProxy_leave__E)
                  000123f8    0000004c     sysbios.aem4f : BIOS.obj (.text:ti_sysbios_knl_Swi_runLoop__I)
                  00012444    00000004                   : BIOS.obj (.text:ti_sysbios_family_arm_lm4_Timer_masterEnable__I)
                  00012448    0000004c                   : BIOS.obj (.text:ti_sysbios_knl_Task_allBlockedFunction__I)
                  00012494    0000004a     netctrl_min_ipv4.aem4f : netsrv.oem4f (.text:ServiceKill)
                  000124de    0000004a     stk.aem4f : sock.oem4f (.text:SockDisconnect)
                  00012528    0000004a               : timer.oem4f (.text:TimerNew)
                  00012572    00000048     nettool_ipv4.aem4f : config.oem4f (.text:CfgNew)
                  000125ba    00000002     --HOLE-- [fill = 0]
                  000125bc    00000048     driverlib.lib : gpio.obj (.text:GPIOPinConfigure)
                  00012604    00000048     stk.aem4f : lli.oem4f (.text:LLIMsg)
                  0001264c    00000048               : node.oem4f (.text:NodeWalk)
                  00012694    00000048               : rawethsock_pcb.oem4f (.text:RawEthSockPcbDetach)
                  000126dc    00000048               : sockpcb.oem4f (.text:SockPcbResolveChain)
                  00012724    00000048               : tcpprot.oem4f (.text:TcpDrop)
                  0001276c    00000048               : lli.oem4f (.text:_LLIExpListInsert)
                  000127b4    00000048               : rtable.oem4f (.text:_RtExpListInsert)
                  000127fc    00000048     rtsv7M4_T_le_v4SPD16_eabi.lib : exit.c.obj (.text:exit)
                  00012844    00000048     stk.aem4f : file.oem4f (.text:fdint_lockfd)
                  0001288c    00000048     rtsv7M4_T_le_v4SPD16_eabi.lib : fd_toi_t2.asm.obj (.text)
                  000128d4    00000004     httpget_pem4f.oem4f (.text:ti_sysbios_family_arm_m3_Hwi_delete)
                  000128d8    00000048     sysbios.aem4f : BIOS.obj (.text:ti_sysbios_family_arm_lm4_Timer_enableTimers__I)
                  00012920    00000048                   : BIOS.obj (.text:ti_sysbios_family_arm_m3_Hwi_disableInterrupt__E)
                  00012968    00000048                   : BIOS.obj (.text:ti_sysbios_family_arm_m3_Hwi_enableInterrupt__E)
                  000129b0    00000048                   : BIOS.obj (.text:ti_sysbios_family_arm_m3_Hwi_excReserved__I)
                  000129f8    00000048                   : BIOS.obj (.text:ti_sysbios_knl_Task_deleteTerminatedTasksFunc__I)
                  00012a40    00000046     nettool_ipv4.aem4f : ipaddr.oem4f (.text:NtIfIdx2Ip)
                  00012a86    00000046     stk.aem4f : rawethsock.oem4f (.text:RawEthSockSend)
                  00012acc    00000046               : tcpprot.oem4f (.text:TcpPrCtlError)
                  00012b12    00000046     os.aem4f : mem.oem4f (.text:mmZeroInit)
                  00012b58    00000046     ti.targets.arm.rtsarm.aem4f : Core-params.oem4f (.text:xdc_runtime_Core_assignParams__I)
                  00012b9e    00000002     --HOLE-- [fill = 0]
                  00012ba0    00000044     drivers_tivaware.aem4f : EMACSnow.oem4f (.text:EMACSnow_processTransmitted)
                  00012be4    00000044     rtsv7M4_T_le_v4SPD16_eabi.lib : hostclose.c.obj (.text:HOSTclose)
                  00012c28    00000044                                   : hostunlink.c.obj (.text:HOSTunlink)
                  00012c6c    00000044     stk.aem4f : icmp.oem4f (.text:ICMPChecksum)
                  00012cb0    00000044               : ipfrag.oem4f (.text:IPReasmFree)
                  00012cf4    00000044               : lli.oem4f (.text:LLIGetValidTime)
                  00012d38    00000044               : rtable.oem4f (.text:RouteMsg)
                  00012d7c    00000044               : rtable.oem4f (.text:RtWalkEnd)
                  00012dc0    00000044               : sockpcb.oem4f (.text:SockPcbDetach)
                  00012e04    00000044               : timer.oem4f (.text:TimerListInsert)
                  00012e48    00000044     rtsv7M4_T_le_v4SPD16_eabi.lib : getdevice.c.obj (.text:getdevice)
                  00012e8c    00000044     hal_timer_bios.aem4f : lltimer.oem4f (.text:llTimerGetTime)
                  00012ed0    00000044     sysbios.aem4f : BIOS.obj (.text:ti_sysbios_family_arm_lm4_Timer_isrStub__E)
                  00012f14    00000004     httpget_pem4f.oem4f (.text:ti_sysbios_family_arm_m3_TaskSupport_Module__startupDone__S)
                  00012f18    00000044     sysbios.aem4f : BIOS.obj (.text:ti_sysbios_family_arm_m3_Hwi_getStackInfo__E)
                  00012f5c    00000004     httpget_pem4f.oem4f (.text:ti_sysbios_hal_Timer_TimerProxy_start__E)
                  00012f60    00000044     sysbios.aem4f : BIOS.obj (.text:ti_sysbios_knl_Swi_post__E)
                  00012fa4    00000044     ti.targets.arm.rtsarm.aem4f : Error.oem4f (.text:xdc_runtime_Error_setX__E)
                  00012fe8    00000044                                 : SysMin.oem4f (.text:xdc_runtime_SysMin_flush__E)
                  0001302c    00000044                                 : Text.oem4f (.text:xdc_runtime_Text_xprintf__I)
                  00013070    00000042     stk.aem4f : tcpprot.oem4f (.text:TcpPrSendOOB)
                  000130b2    00000042               : fileuser.oem4f (.text:fdCloseSession)
                  000130f4    00000040     nettool_ipv4.aem4f : dnspkt.oem4f (.text:DNSBuildRequest)
                  00013134    00000040     http_ndk.aem4f : httpcli.oem4f (.text:HTTPCli_readResponseBody)
                  00013174    00000040     stk.aem4f : lliin.oem4f (.text:LLIValidateRoute)
                  000131b4    00000040               : pbm.oem4f (.text:PBM_copy)
                  000131f4    00000040               : sockpcb.oem4f (.text:SockPcbRtChange)
                  00013234    00000040               : tcpprot.oem4f (.text:TcpPrSend)
                  00013274    00000040     httpget.obj (.text:initialize_ADC)
                  000132b4    00000040     rtsv7M4_T_le_v4SPD16_eabi.lib : u_divt2.asm.obj (.text)
                  000132f4    00000040                                   : sprintf.c.obj (.text:sprintf)
                  00013334    00000040     http_ndk.aem4f : httpcli.oem4f (.text:threadCreate)
                  00013374    00000004     httpget_pem4f.oem4f (.text:ti_sysbios_heaps_HeapMem_Module_GateProxy_enter__E)
                  00013378    00000040     sysbios.aem4f : BIOS.obj (.text:ti_sysbios_family_arm_lm4_Timer_startup__E)
                  000133b8    00000040                   : BIOS.obj (.text:ti_sysbios_heaps_HeapMem_Instance_init__E)
                  000133f8    0000003e     driverlib.lib : adc.obj (.text:ADCSequenceConfigure)
                  00013436    0000003e     nettool_ipv4.aem4f : dhcpmain.oem4f (.text:DHCPClose)
                  00013474    0000003e     stk.aem4f : nimu.oem4f (.text:NIMUAllocateName)
                  000134b2    0000003e     os.aem4f : task.oem4f (.text:TaskCreate)
                  000134f0    0000003e     stk.aem4f : tcpprot.oem4f (.text:TcpPrDisconnect)
                  0001352e    0000003e     rtsv7M4_T_le_v4SPD16_eabi.lib : _printfi.c.obj (.text:_fcpy)
                  0001356c    0000003e     stk.aem4f : file.oem4f (.text:fdint_unlockfd)
                  000135aa    0000003c     nettool_ipv4.aem4f : config.oem4f (.text:CfgEntryGetData)
                  000135e6    0000003c     driverlib.lib : emac.obj (.text:EMACIntDisable)
                  00013622    0000003c     stk.aem4f : node.oem4f (.text:NodeUpdatePL)
                  0001365e    00000002     --HOLE-- [fill = 0]
                  00013660    0000003c               : rtable.oem4f (.text:RtWalkBegin)
                  0001369c    0000003c               : tcpprot.oem4f (.text:TcpPrConnect)
                  000136d8    0000003c               : tcptime.oem4f (.text:TcpSetPersist)
                  00013714    0000003c               : rtc.oem4f (.text:_RTCSendRtAdv)
                  00013750    0000003c               : rtable.oem4f (.text:_RtNodeRemove)
                  0001378c    0000003c     hal_timer_bios.aem4f : lltimer.oem4f (.text:_llTimerInit)
                  000137c8    0000003c     rtsv7M4_T_le_v4SPD16_eabi.lib : strncasecmp.c.obj (.text:strncasecmp)
                  00013804    00000004     httpget_pem4f.oem4f (.text:ti_sysbios_heaps_HeapMem_Module_GateProxy_leave__E)
                  00013808    0000003c     sysbios.aem4f : BIOS.obj (.text:ti_sysbios_family_arm_m3_Hwi_excSvCall__I)
                  00013844    00000004     httpget_pem4f.oem4f (.text:ti_sysbios_knl_Clock_TimerProxy_getMaxTicks__E)
                  00013848    0000003c     sysbios.aem4f : BIOS.obj (.text:ti_sysbios_heaps_HeapMem_init__I)
                  00013884    00000004     httpget_pem4f.oem4f (.text:ti_sysbios_knl_Queue_destruct)
                  00013888    0000003c     sysbios.aem4f : BIOS.obj (.text:ti_sysbios_knl_Swi_restore__E)
                  000138c4    0000003a     driverlib.lib : emac.obj (.text:EMACIntEnable)
                  000138fe    00000002     --HOLE-- [fill = 0]
                  00013900    00000038                   : emac.obj (.text:EMACConfigGet)
                  00013938    00000038     stk.aem4f : ipfrag.oem4f (.text:IPReasmTimeout)
                  00013970    00000038               : node.oem4f (.text:NodeGetRt)
                  000139a8    00000038     driverlib.lib : sysctl.obj (.text:SysCtlPeripheralReady)
                  000139e0    00000038     stk.aem4f : tcpprot.oem4f (.text:TcpClose)
                  00013a18    00000038               : timer.oem4f (.text:TimerHSTick)
                  00013a50    00000038     rtsv7M4_T_le_v4SPD16_eabi.lib : trgmsg.c.obj (.text:__TI_writemsg)
                  00013a88    00000038     nettool_ipv4.aem4f : dhcpbild.oem4f (.text:dhcpBuildDiscover)
                  00013ac0    00000038                        : dhcptags.oem4f (.text:dhcpOptionsClear)
                  00013af8    00000038     stk.aem4f : file.oem4f (.text:fdint_waitevent)
                  00013b30    00000038     rtsv7M4_T_le_v4SPD16_eabi.lib : fs_tod_t2.asm.obj (.text)
                  00013b68    00000038     sysbios.aem4f : BIOS.obj (.text:ti_sysbios_family_arm_m3_Hwi_excNoIsr__I)
                  00013ba0    00000038     httpget_pem4f.oem4f (.text:ti_sysbios_knl_Clock_create)
                  00013bd8    00000038     sysbios.aem4f : BIOS.obj (.text:ti_sysbios_knl_Task_processVitalTaskFlag__I)
                  00013c10    00000038     ti.targets.arm.rtsarm.aem4f : SysMin.oem4f (.text:xdc_runtime_SysMin_putch__E)
                  00013c48    00000038                                 : System.oem4f (.text:xdc_runtime_System_atexit__E)
                  00013c80    00000036     stk.aem4f : ip.oem4f (.text:IPChecksum)
                  00013cb6    00000036     network_ndk.aem4f : ssock.oem4f (.text:Ssock_recv)
                  00013cec    00000036     rtsv7M4_T_le_v4SPD16_eabi.lib : strncpy.c.obj (.text:strncpy)
                  00013d22    00000002     --HOLE-- [fill = 0]
                  00013d24    00000034     nettool_ipv4.aem4f : config.oem4f (.text:CfgSetService)
                  00013d58    00000034     driverlib.lib : emac.obj (.text:EMACConfigSet)
                  00013d8c    00000034                   : emac.obj (.text:EMACIntClear)
                  00013dc0    00000034     drivers_tivaware.aem4f : EMACSnow.oem4f (.text:EMACSnow_emacPoll)
                  00013df4    00000034                            : EMACSnow.oem4f (.text:EMACSnow_isLinkUp)
                  00013e28    00000034                            : EMAC.oem4f (.text:EMAC_init)
                  00013e5c    00000034     stk.aem4f : exec.oem4f (.text:ExecClose)
                  00013e90    00000034               : nimu.oem4f (.text:NIMUFindByName)
                  00013ec4    00000034               : nimu.oem4f (.text:NIMUInit)
                  00013ef8    00000034               : rawethsock.oem4f (.text:RawEthSockNotify)
                  00013f2c    00000034               : sockprot.oem4f (.text:SockPrCtlError)
                  00013f60    00000034     driverlib.lib : sysctl.obj (.text:SysCtlPeripheralEnable)
                  00013f94    00000034     rtsv7M4_T_le_v4SPD16_eabi.lib : fopen.c.obj (.text:__TI_cleanup)
                  00013fc8    00000034                                   : trgmsg.c.obj (.text:__TI_readmsg)
                  00013ffc    00000034     os.aem4f : mem.oem4f (.text:mmUnInitPage)
                  00014030    00000034     httpget.obj (.text:sendWeatherDataTask)
                  00014064    00000034     os.aem4f : ossys.oem4f (.text:stricmp)
                  00014098    00000034     sysbios.aem4f : BIOS.obj (.text:ti_sysbios_family_arm_m3_Hwi_Instance_finalize__E)
                  000140cc    00000004     httpget_pem4f.oem4f (.text:ti_sysbios_knl_Semaphore_delete)
                  000140d0    00000034     sysbios.aem4f : BIOS.obj (.text:ti_sysbios_family_arm_m3_Hwi_excNmi__I)
                  00014104    00000004     httpget_pem4f.oem4f (.text:ti_sysbios_knl_Semaphore_destruct)
                  00014108    00000034     sysbios.aem4f : BIOS.obj (.text:ti_sysbios_hal_Hwi_checkStack)
                  0001413c    00000034     httpget_pem4f.oem4f (.text:ti_sysbios_knl_Semaphore_create)
                  00014170    00000034     ti.targets.arm.rtsarm.aem4f : Core-label.oem4f (.text:xdc_runtime_Core_assignLabel__I)
                  000141a4    00000033                                 : Text.oem4f (.text:xdc_runtime_Text_printVisFxn__I)
                  000141d7    00000001     --HOLE-- [fill = 0]
                  000141d8    00000032     nettool_ipv4.aem4f : config.oem4f (.text:CfgGetImmediate)
                  0001420a    00000032     stk.aem4f : route.oem4f (.text:RtDeRef)
                  0001423c    00000032               : route.oem4f (.text:RtSetFailure)
                  0001426e    00000032               : sb.oem4f (.text:SBFlush)
                  000142a0    00000032               : sb.oem4f (.text:SBSetMax)
                  000142d2    00000032               : sock.oem4f (.text:SockIntAbort)
                  00014304    00000032     nettool_ipv4.aem4f : config.oem4f (.text:_CfgAcquire)
                  00014336    00000032                        : dhcpsm.oem4f (.text:dhcpIPRemove)
                  00014368    00000032     sysbios.aem4f : BIOS.obj (.text:ti_sysbios_hal_Hwi_initStack)
                  0001439a    00000006     driverlib.lib : emac.obj (.text:EMACTxDMADescriptorListSet)
                  000143a0    00000032     sysbios.aem4f : BIOS.obj (.text:ti_sysbios_knl_Semaphore_pendTimeout__I)
                  000143d2    00000002     --HOLE-- [fill = 0]
                  000143d4    00000031     httpget.obj (.text:printError)
                  00014405    00000001     --HOLE-- [fill = 0]
                  00014406    00000030     driverlib.lib : emac.obj (.text:EMACAddrSet)
                  00014436    00000002     --HOLE-- [fill = 0]
                  00014438    00000030     drivers_tivaware.aem4f : EMACSnow.oem4f (.text:EMACSnow_handlePackets)
                  00014468    00000030     netctrl_min_ipv4.aem4f : netsrv.oem4f (.text:NS_PreBoot)
                  00014498    00000030     stk.aem4f : sock.oem4f (.text:SockBind)
                  000144c8    00000030     nettool_ipv4.aem4f : dhcpsock.oem4f (.text:dhcpPacketSend)
                  000144f8    00000030     rtsv7M4_T_le_v4SPD16_eabi.lib : getdevice.c.obj (.text:finddevice)
                  00014528    00000030     stk.aem4f : listlib.oem4f (.text:list_remove_node)
                  00014558    00000030     http_ndk.aem4f : httpcli.oem4f (.text:skipLine)
                  00014588    00000030     httpget_pem4f.oem4f (.text:ti_sysbios_BIOS_atExitFunc__I)
                  000145b8    00000030     sysbios.aem4f : BIOS.obj (.text:ti_sysbios_family_arm_lm4_Timer_stop__E)
                  000145e8    00000030                   : BIOS.obj (.text:ti_sysbios_family_arm_m3_TaskSupport_start__E)
                  00014618    00000030     httpget_pem4f.oem4f (.text:ti_sysbios_gates_GateHwi_Object__create__S)
                  00014648    00000030     httpget_pem4f.oem4f (.text:ti_sysbios_gates_GateMutex_Object__create__S)
                  00014678    00000030     sysbios.aem4f : BIOS.obj (.text:ti_sysbios_gates_GateMutex_enter__E)
                  000146a8    00000030     httpget_pem4f.oem4f (.text:ti_sysbios_heaps_HeapMem_Object__create__S)
                  000146d8    00000030     httpget_pem4f.oem4f (.text:ti_sysbios_knl_Semaphore_construct)
                  00014708    00000030     ti.targets.arm.rtsarm.aem4f : SysMin.oem4f (.text:xdc_runtime_SysMin_abort__E)
                  00014738    00000030                                 : System.oem4f (.text:xdc_runtime_System_processAtExit__E)
                  00014768    0000002e     driverlib.lib : adc.obj (.text:ADCIntStatus)
                  00014796    0000002e     stk.aem4f : sb.oem4f (.text:SBFree)
                  000147c4    0000002e     httpget_pem4f.oem4f (.text:malloc)
                  000147f2    0000002e     rtsv7M4_T_le_v4SPD16_eabi.lib : i_tofd_t2.asm.obj (.text)
                  00014820    0000002e                                   : strcasecmp.c.obj (.text:strcasecmp)
                  0001484e    0000002c     driverlib.lib : emac.obj (.text:EMACIntStatus)
                  0001487a    0000002c     stk.aem4f : file.oem4f (.text:FdSignalEvent)
                  000148a6    00000002     --HOLE-- [fill = 0]
                  000148a8    0000002c               : igmp.oem4f (.text:IGMPTestGroup)
                  000148d4    0000002c     os.aem4f : task.oem4f (.text:NDK_hookCreate)
                  00014900    0000002c     stk.aem4f : nimu.oem4f (.text:NIMUAllocateIndex)
                  0001492c    0000002c               : nimu.oem4f (.text:NIMUPacketServiceCheck)
                  00014958    0000002c               : pipe.oem4f (.text:PipeClose)
                  00014984    0000002c               : sockpcb.oem4f (.text:SockPcbAttach)
                  000149b0    0000002c               : lli.oem4f (.text:_LLIExpListRemove)
                  000149dc    0000002c               : lli.oem4f (.text:_LLITimeoutFlush)
                  00014a08    0000002c               : rtable.oem4f (.text:_RtExpListRemove)
                  00014a34    0000002c     http_ndk.aem4f : httpcli.oem4f (.text:lookUpResponseFields)
                  00014a60    0000002c     rtsv7M4_T_le_v4SPD16_eabi.lib : strncmp.c.obj (.text:strncmp)
                  00014a8c    0000002c     httpget_pem4f.oem4f (.text:ti_sysbios_knl_Clock_doTick__I)
                  00014ab8    0000002c     httpget_pem4f.oem4f (.text:ti_sysbios_knl_Queue_construct)
                  00014ae4    00000004     httpget_pem4f.oem4f (.text:ti_sysbios_knl_Swi_delete)
                  00014ae8    0000002c     sysbios.aem4f : BIOS.obj (.text:ti_sysbios_knl_Task_restore__E)
                  00014b14    0000002c     rtsv7M4_T_le_v4SPD16_eabi.lib : unlink.c.obj (.text:unlink)
                  00014b40    0000002c     ti.targets.arm.rtsarm.aem4f : Text.oem4f (.text:xdc_runtime_Text_cordText__E)
                  00014b6c    0000002a     driverlib.lib : gpio.obj (.text:GPIODirModeSet)
                  00014b96    0000002a     stk.aem4f : pbm.oem4f (.text:PBMQ_deq)
                  00014bc0    0000002a     netctrl_min_ipv4.aem4f : netsrv.oem4f (.text:ServiceCallback)
                  00014bea    0000002a     nettool_ipv4.aem4f : config.oem4f (.text:_CfgRelease)
                  00014c14    0000002a                        : inetaddr.oem4f (.text:mergeLists)
                  00014c3e    0000002a     ti.targets.arm.rtsarm.aem4f : System.oem4f (.text:xdc_runtime_System_putchar__I)
                  00014c68    00000028     stk.aem4f : bind.oem4f (.text:BindFindByNet)
                  00014c90    00000028               : lli.oem4f (.text:LLIFree)
                  00014cb8    00000028     netctrl_min_ipv4.aem4f : netctrl.oem4f (.text:NC_SystemClose)
                  00014ce0    00000028     stk.aem4f : nimu.oem4f (.text:NIMUCreatePacket)
                  00014d08    00000028               : nimu.oem4f (.text:NIMUPacketService)
                  00014d30    00000028               : tcpin.oem4f (.text:TcpEnterTimeWait)
                  00014d58    00000028               : timer.oem4f (.text:TimerListRemove)
                  00014d80    00000028               : vlan.oem4f (.text:VLANFindSourceInterface)
                  00014da8    00000028               : vlan.oem4f (.text:VLANInit)
                  00014dd0    00000028     nettool_ipv4.aem4f : dhcpsock.oem4f (.text:dhcpPacketReceive)
                  00014df8    00000028     httpget.obj (.text:getOpenWeatherDataTask)
                  00014e20    00000028     rtsv7M4_T_le_v4SPD16_eabi.lib : lseek.c.obj (.text:lseek)
                  00014e48    00000028     drivers_tivaware.aem4f : EMACSnow.oem4f (.text:signalLinkChange)
                  00014e70    00000028     sysbios.aem4f : BIOS.obj (.text:ti_sysbios_knl_Clock_addI__E)
                  00014e98    00000028                   : BIOS.obj (.text:ti_sysbios_knl_Swi_Module_startup__E)
                  00014ec0    00000028     rtsv7M4_T_le_v4SPD16_eabi.lib : write.c.obj (.text:write)
                  00014ee8    00000026     nettool_ipv4.aem4f : config.oem4f (.text:CfgEntryInfo)
                  00014f0e    00000026     driverlib.lib : emac.obj (.text:EMACPHYRead)
                  00014f34    00000026                   : emac.obj (.text:EMACPHYWrite)
                  00014f5a    00000026     stk.aem4f : rawethsock.oem4f (.text:RawEthSockClose)
                  00014f80    00000026     sysbios.aem4f : m3_Hwi_asm.obj (.text:ti_sysbios_family_arm_m3_Hwi_pendSV__I)
                  00014fa6    00000026     ti.targets.arm.rtsarm.aem4f : System.oem4f (.text:xdc_runtime_System_avprintf__E)
                  00014fcc    00000024     stk.aem4f : bind.oem4f (.text:BindFindByHost)
                  00014ff0    00000024               : bind.oem4f (.text:BindGetIFByDBCast)
                  00015014    00000024     drivers_tivaware.aem4f : EMACSnow.oem4f (.text:EMACSnow_pkt_service)
                  00015038    00000024                            : EMACSnow.oem4f (.text:EMACSnow_primeRx)
                  0001505c    00000024     stk.aem4f : exec.oem4f (.text:ExecTimer)
                  00015080    00000024     http_ndk.aem4f : httpcli.oem4f (.text:HTTPCli_disconnect)
                  000150a4    00000024     stk.aem4f : nimu.oem4f (.text:NIMUFindByIndex)
                  000150c8    00000024               : rtc.oem4f (.text:RTCAddHook)
                  000150ec    00000024               : rawethsock_pcb.oem4f (.text:RawEthSockPcbFind)
                  00015110    00000024               : route.oem4f (.text:RtFree)
                  00015134    00000024               : route.oem4f (.text:RtSetTimeout)
                  00015158    00000024               : sockpcb.oem4f (.text:SockPcbCleanup)
                  0001517c    00000024               : tcptime.oem4f (.text:TcpTimeoutWait2)
                  000151a0    00000024     nettool_ipv4.aem4f : config.oem4f (.text:_CfgEntryProcess)
                  000151c4    00000024     http_ndk.aem4f : httpcli.oem4f (.text:getRequestFieldValue)
                  000151e8    00000024     httpget_pem4f.oem4f (.text:ti_sysbios_BIOS_errorRaiseHook__I)
                  0001520c    00000024     httpget_pem4f.oem4f (.text:ti_sysbios_BIOS_registerRTSLock__I)
                  00015230    00000024     httpget_pem4f.oem4f (.text:ti_sysbios_BIOS_removeRTSLock__I)
                  00015254    00000024     httpget_pem4f.oem4f (.text:ti_sysbios_BIOS_startFunc__I)
                  00015278    00000024     httpget_pem4f.oem4f (.text:ti_sysbios_gates_GateMutex_Object__delete__S)
                  0001529c    00000004     httpget_pem4f.oem4f (.text:ti_sysbios_knl_Task_delete)
                  000152a0    00000024     sysbios.aem4f : BIOS.obj (.text:ti_sysbios_knl_Clock_Module_startup__E)
                  000152c4    00000004     ti.targets.arm.rtsarm.aem4f : Error.oem4f (.text:xdc_runtime_Error_getMsg__E)
                  000152c8    00000024     sysbios.aem4f : BIOS.obj (.text:ti_sysbios_knl_Semaphore_Instance_init__E)
                  000152ec    00000024     httpget_pem4f.oem4f (.text:ti_sysbios_knl_Semaphore_Object__delete__S)
                  00015310    00000024     sysbios.aem4f : BIOS.obj (.text:ti_sysbios_knl_Task_restoreHwi__E)
                  00015334    00000024     ti.targets.arm.rtsarm.aem4f : System.oem4f (.text:xdc_runtime_System_vprintf__E)
                  00015358    00000022     nettool_ipv4.aem4f : config.oem4f (.text:CfgEntryRef)
                  0001537a    00000022     stk.aem4f : vlan.oem4f (.text:VLANFindNode)
                  0001539c    00000004     ti.targets.arm.rtsarm.aem4f : Error.oem4f (.text:xdc_runtime_Error_getSite__E)
                  000153a0    00000022     sysbios.aem4f : BIOS.obj (.text:ti_sysbios_family_arm_lm4_Timer_write__I)
                  000153c2    00000022     httpget_pem4f.oem4f (.text:xdc_runtime_SysMin_output__I)
                  000153e4    00000020     netctrl_min_ipv4.aem4f : netctrl.oem4f (.text:NC_BootComplete)
                  00015404    00000020     stk.aem4f : nimu.oem4f (.text:NIMUGetNumOfObject)
                  00015424    00000020               : rtc.oem4f (.text:RTCRemoveHook)
                  00015444    00000020               : tcp.oem4f (.text:TcpTimeoutRemove)
                  00015464    00000020     Boot.aem4f : Boot_sysctl.oem4f (.text:_SysCtlMemTimingGet)
                  00015484    00000020     rtsv7M4_T_le_v4SPD16_eabi.lib : memchr.c.obj (.text:memchr)
                  000154a4    00000020                                   : u_tofd_t2.asm.obj (.text)
                  000154c4    00000020     httpget_pem4f.oem4f (.text:ti_sysbios_BIOS_rtsLock__I)
                  000154e4    00000020     httpget_pem4f.oem4f (.text:ti_sysbios_family_arm_m3_Hwi_Object__delete__S)
                  00015504    00000020     sysbios.aem4f : m3_Hwi_asm.obj (.text:ti_sysbios_family_arm_m3_Hwi_excHandlerAsm__I)
                  00015524    00000004     httpget_pem4f.oem4f (.text:xdc_runtime_System_Module_GateProxy_enter__E)
                  00015528    00000020     sysbios.aem4f : BIOS.obj (.text:ti_sysbios_family_arm_m3_Hwi_excHandler__I)
                  00015548    00000020     httpget_pem4f.oem4f (.text:ti_sysbios_gates_GateHwi_Object__delete__S)
                  00015568    00000020     httpget_pem4f.oem4f (.text:ti_sysbios_heaps_HeapMem_Object__delete__S)
                  00015588    00000020     sysbios.aem4f : BIOS.obj (.text:ti_sysbios_knl_Idle_run__E)
                  000155a8    00000020     httpget_pem4f.oem4f (.text:ti_sysbios_knl_Semaphore_Object__destruct__S)
                  000155c8    00000020     httpget_pem4f.oem4f (.text:ti_sysbios_knl_Swi_Object__delete__S)
                  000155e8    00000020     httpget_pem4f.oem4f (.text:ti_sysbios_knl_Task_Object__delete__S)
                  00015608    00000020     httpget.obj (.text:timerInternalADC_ISR)
                  00015628    00000020     ti.targets.arm.rtsarm.aem4f : Registry.oem4f (.text:xdc_runtime_Registry_findById__E)
                  00015648    00000020                                 : SysMin.oem4f (.text:xdc_runtime_SysMin_Module_startup__E)
                  00015668    0000001e     driverlib.lib : adc.obj (.text:ADCSequenceDataGet)
                  00015686    0000001e     stk.aem4f : fileuser.oem4f (.text:fdError)
                  000156a4    0000001e               : listlib.oem4f (.text:list_remove)
                  000156c2    0000001e     httpget.obj (.text:send)
                  000156e0    0000001e     rtsv7M4_T_le_v4SPD16_eabi.lib : strcat.c.obj (.text:strcat)
                  000156fe    0000001e     sysbios.aem4f : m3_Hwi_asm_switch.obj (.text:ti_sysbios_family_xxx_Hwi_switchAndRunFunc)
                  0001571c    0000001c     stk.aem4f : bind.oem4f (.text:BindFindByIF)
                  00015738    0000001c               : exec.oem4f (.text:ExecBroadcast)
                  00015754    0000001c     os.aem4f : ossys.oem4f (.text:NDK_sprintf)
                  00015770    0000001c     stk.aem4f : nimu.oem4f (.text:NIMUAddHeader)
                  0001578c    0000001c               : sockprot.oem4f (.text:SockPrDetach)
                  000157a8    0000001c     network_ndk.aem4f : ssock.oem4f (.text:Ssock_destruct)
                  000157c4    0000001c     os.aem4f : task.oem4f (.text:TaskDestroy)
                  000157e0    0000001c     drivers_tivaware.aem4f : GPIOTiva.oem4f (.text:getGpioIntIndex)
                  000157fc    0000001c     rtsv7M4_T_le_v4SPD16_eabi.lib : memccpy.c.obj (.text:memccpy)
                  00015818    0000001c     httpget_pem4f.oem4f (.text:ti_ndk_config_global_taskCreateHook)
                  00015834    00000004     httpget_pem4f.oem4f (.text:xdc_runtime_System_Module_GateProxy_leave__E)
                  00015838    0000001c     sysbios.aem4f : BIOS.obj (.text:ti_sysbios_gates_GateMutex_Instance_init__E)
                  00015854    0000001c     httpget_pem4f.oem4f (.text:ti_sysbios_knl_Queue_Object__destruct__S)
                  00015870    0000001c     sysbios.aem4f : BIOS.obj (.text:ti_sysbios_knl_Queue_put__E)
                  0001588c    00000004     ti.targets.arm.rtsarm.aem4f : System.oem4f (.text:xdc_runtime_System_aprintf_va__F)
                  00015890    0000001c     sysbios.aem4f : BIOS.obj (.text:ti_sysbios_knl_Task_enter__I)
                  000158ac    0000001c     ti.targets.arm.rtsarm.aem4f : Error.oem4f (.text:xdc_runtime_Error_raiseX__E)
                  000158c8    0000001c                                 : Memory.oem4f (.text:xdc_runtime_Memory_valloc__E)
                  000158e4    0000001c                                 : SysMin.oem4f (.text:xdc_runtime_SysMin_exit__E)
                  00015900    0000001c                                 : System.oem4f (.text:xdc_runtime_System_abort__E)
                  0001591c    0000001a     stk.aem4f : bind.oem4f (.text:BindGetIP)
                  00015936    0000001a               : sockint.oem4f (.text:SockSetOOBMark)
                  00015950    0000001a               : file.oem4f (.text:fdint_getfdt)
                  0001596a    0000001a     httpget_pem4f.oem4f (.text:free)
                  00015984    0000001a     httpget_pem4f.oem4f (.text:ti_sysbios_family_arm_m3_Hwi_Handle__label__S)
                  0001599e    0000001a     httpget_pem4f.oem4f (.text:ti_sysbios_gates_GateHwi_Handle__label__S)
                  000159b8    0000001a     httpget_pem4f.oem4f (.text:ti_sysbios_gates_GateMutex_Handle__label__S)
                  000159d2    0000001a     httpget_pem4f.oem4f (.text:ti_sysbios_heaps_HeapMem_Handle__label__S)
                  000159ec    0000001a     httpget_pem4f.oem4f (.text:ti_sysbios_knl_Swi_Handle__label__S)
                  00015a06    0000001a     httpget_pem4f.oem4f (.text:ti_sysbios_knl_Task_Handle__label__S)
                  00015a20    0000001a     sysbios.aem4f : BIOS.obj (.text:ti_sysbios_knl_Task_sleepTimeout__I)
                  00015a3a    0000001a     httpget_pem4f.oem4f (.text:xdc_runtime_System_aprintf__E)
                  00015a54    0000001a     httpget_pem4f.oem4f (.text:xdc_runtime_System_printf__E)
                  00015a6e    00000018     driverlib.lib : adc.obj (.text:ADCProcessorTrigger)
                  00015a86    00000002     --HOLE-- [fill = 0]
                  00015a88    00000018     drivers_tivaware.aem4f : EMACSnow.oem4f (.text:EMACSnow_emacSend)
                  00015aa0    00000018     stk.aem4f : ip.oem4f (.text:IPRtChange)
                  00015ab8    00000018               : rawethsock_pcb.oem4f (.text:RawEthSockPcbCleanup)
                  00015ad0    00000018     nettool_ipv4.aem4f : ipaddr.oem4f (.text:RouteHook)
                  00015ae8    00000018     stk.aem4f : tcpin.oem4f (.text:SEQ_GEQ)
                  00015b00    00000018               : tcpout.oem4f (.text:SEQ_GEQ)
                  00015b18    00000018               : tcpin.oem4f (.text:SEQ_GT)
                  00015b30    00000018               : tcpout.oem4f (.text:SEQ_GT)
                  00015b48    00000018               : tcpin.oem4f (.text:SEQ_LEQ)
                  00015b60    00000018               : tcpout.oem4f (.text:SEQ_LEQ)
                  00015b78    00000018               : tcpin.oem4f (.text:SEQ_LT)
                  00015b90    00000018               : tcpout.oem4f (.text:SEQ_LT)
                  00015ba8    00000018               : tcp.oem4f (.text:TcpTimeoutAdd)
                  00015bc0    00000018     rtsv7M4_T_le_v4SPD16_eabi.lib : args_main.c.obj (.text:_args_main)
                  00015bd8    00000018                                   : sprintf.c.obj (.text:_outs)
                  00015bf0    00000018     nettool_ipv4.aem4f : dhcpsock.oem4f (.text:dhcpSocketClose)
                  00015c08    00000018                        : inetaddr.oem4f (.text:freeaddrinfo)
                  00015c20    00000018     stk.aem4f : listlib.oem4f (.text:list_add)
                  00015c38    00000018     rtsv7M4_T_le_v4SPD16_eabi.lib : strcmp.c.obj (.text:strcmp)
                  00015c50    00000018     httpget_pem4f.oem4f (.text:ti_sysbios_BIOS_rtsUnlock__I)
                  00015c68    00000018     httpget_pem4f.oem4f (.text:ti_sysbios_family_arm_lm4_Timer_Module__startupDone__F)
                  00015c80    00000018     httpget_pem4f.oem4f (.text:ti_sysbios_family_arm_m3_Hwi_Module__startupDone__F)
                  00015c98    00000018     sysbios.aem4f : m3_TaskSupport_asm.obj (.text:ti_sysbios_family_arm_m3_TaskSupport_swap__E)
                  00015cb0    00000018                   : BIOS.obj (.text:ti_sysbios_gates_GateMutex_leave__E)
                  00015cc8    00000018     ti.targets.arm.rtsarm.aem4f : Error.oem4f (.text:xdc_runtime_Error_check__E)
                  00015ce0    00000018                                 : System.oem4f (.text:xdc_runtime_System_exit__E)
                  00015cf8    00000018                                 : Text.oem4f (.text:xdc_runtime_Text_ropeText__E)
                  00015d10    00000016     driverlib.lib : emac.obj (.text:EMACReset)
                  00015d26    00000016                   : emac.obj (.text:EMACRxEnable)
                  00015d3c    00000016                   : emac.obj (.text:EMACTxEnable)
                  00015d52    00000016     http_ndk.aem4f : httpcli.oem4f (.text:HTTPCli_destruct)
                  00015d68    00000016                    : httpcli.oem4f (.text:HTTPCli_readRawResponseBody)
                  00015d7e    00000016     stk.aem4f : file.oem4f (.text:fdint_freefdt)
                  00015d94    00000016     rtsv7M4_T_le_v4SPD16_eabi.lib : strchr.c.obj (.text:strchr)
                  00015daa    00000016     httpget_pem4f.oem4f (.text:ti_sysbios_BIOS_exitFunc__I)
                  00015dc0    00000016     httpget.obj (.text:ti_sysbios_knl_Task_Params_init)
                  00015dd6    00000016     ti.targets.arm.rtsarm.aem4f : System.oem4f (.text:xdc_runtime_System_vsprintf__E)
                  00015dec    00000014     stk.aem4f : bind.oem4f (.text:BindIPHost2IF)
                  00015e00    00000014     driverlib.lib : flash.obj (.text:FlashUserGet)
                  00015e14    00000014     http_ndk.aem4f : httpcli.oem4f (.text:HTTPCli_getResponseStatus)
                  00015e28    00000014     netctrl_min_ipv4.aem4f : netctrl.oem4f (.text:NC_NetStop)
                  00015e3c    00000014     os.aem4f : task.oem4f (.text:NDK_hookExit)
                  00015e50    00000014     stk.aem4f : nimu.oem4f (.text:NIMUSendPacket)
                  00015e64    00000014     nettool_ipv4.aem4f : ipaddr.oem4f (.text:NtRemoveNetwork)
                  00015e78    00000014     stk.aem4f : rawethsock_pcb.oem4f (.text:RawEthSockPcbInit)
                  00015e8c    00000014     network_ndk.aem4f : ssock.oem4f (.text:Ssock_construct)
                  00015ea0    00000014     stk.aem4f : timer.oem4f (.text:TimerFree)
                  00015eb4    00000014     httpget.obj (.text:connect)
                  00015ec8    00000014     rtsv7M4_T_le_v4SPD16_eabi.lib : s_copysign.c.obj (.text:copysign)
                  00015edc    00000014     httpget.obj (.text:socket)
                  00015ef0    00000014     rtsv7M4_T_le_v4SPD16_eabi.lib : strcpy.c.obj (.text:strcpy)
                  00015f04    00000014                                   : strlen.c.obj (.text:strlen)
                  00015f18    00000014     httpget_pem4f.oem4f (.text:ti_ndk_config_global_taskExitHook)
                  00015f2c    00000014     httpget_pem4f.oem4f (.text:ti_sysbios_family_arm_m3_Hwi_Object__get__S)
                  00015f40    00000014     sysbios.aem4f : BIOS.obj (.text:ti_sysbios_family_arm_m3_Hwi_switchFromBootStack__E)
                  00015f54    00000014     httpget_pem4f.oem4f (.text:ti_sysbios_heaps_HeapMem_Object__get__S)
                  00015f68    00000014     httpget_pem4f.oem4f (.text:ti_sysbios_knl_Swi_Object__get__S)
                  00015f7c    00000014     httpget_pem4f.oem4f (.text:ti_sysbios_knl_Task_Object__first__S)
                  00015f90    00000014     httpget_pem4f.oem4f (.text:ti_sysbios_knl_Task_Object__next__S)
                  00015fa4    00000014     httpget.obj (.text:timerGetAndSendWeather_ISR)
                  00015fb8    00000012     httpget.obj (.text:DieWithError)
                  00015fca    00000012     driverlib.lib : gpio.obj (.text:GPIOPinTypeEthernetLED)
                  00015fdc    00000012     stk.aem4f : sockprot.oem4f (.text:SockPrAttach)
                  00015fee    00000012               : sockint.oem4f (.text:SockSetOOBData)
                  00016000    00000012     nettool_ipv4.aem4f : inetaddr.oem4f (.text:inet_addr)
                  00016012    00000006     driverlib.lib : gpio.obj (.text:GPIOIntClear)
                  00016018    00000012     sysbios.aem4f : BIOS.obj (.text:ti_sysbios_hal_Hwi_Module_startup__E)
                  0001602a    00000006     driverlib.lib : gpio.obj (.text:GPIOPinWrite)
                  00016030    00000012     sysbios.aem4f : BIOS.obj (.text:ti_sysbios_hal_Timer_Module_startup__E)
                  00016042    00000006     driverlib.lib : sysctl.obj (.text:SysCtlDelay)
                  00016048    00000012     sysbios.aem4f : BIOS.obj (.text:ti_sysbios_knl_Semaphore_reset__E)
                  0001605a    00000012     rtsv7M4_T_le_v4SPD16_eabi.lib : wcslen.c.obj (.text:wcslen)
                  0001606c    00000012     httpget_pem4f.oem4f (.text:xdc_runtime_Startup_exec__I)
                  0001607e    00000002     --HOLE-- [fill = 0]
[...]
00018d34  xdc_runtime_Error_Module__diagsMask__C                               
00018d38  xdc_runtime_Error_Module__loggerFxn8__C                              
00018d3c  xdc_runtime_Error_Module__loggerObj__C                               
00018d40  xdc_runtime_Error_policyFxn__C                                       
00018d44  xdc_runtime_Error_raiseHook__C                                       
00018d48  xdc_runtime_IGateProvider_Interface__BASE__C                         
00018d4c  xdc_runtime_IHeap_Interface__BASE__C                                 
00018d50  xdc_runtime_IModule_Interface__BASE__C                               
00018d54  xdc_runtime_Log_L_error__C                                           
00018d58  xdc_runtime_Memory_defaultHeapInstance__C                            
00018d5c  xdc_runtime_Startup_execImpl__C                                      
00018d60  xdc_runtime_Startup_maxPasses__C                                     
00018d64  xdc_runtime_Startup_sfxnRts__C                                       
00018d68  xdc_runtime_Startup_sfxnTab__C                                       
00018d6c  xdc_runtime_SysMin_bufSize__C                                        
00018d70  xdc_runtime_SysMin_outputFunc__C                                     
00018d74  xdc_runtime_System_Module__gateObj__C                                
00018d78  xdc_runtime_System_abortFxn__C                                       
00018d7c  xdc_runtime_System_exitFxn__C                                        
00018d80  xdc_runtime_System_extendFxn__C                                      
00018d84  xdc_runtime_System_maxAtexitHandlers__C                              
00018d88  xdc_runtime_Text_charTab__C                                          
00018d8c  xdc_runtime_Text_nameEmpty__C                                        
00018d90  xdc_runtime_Text_nameStatic__C                                       
00018d94  xdc_runtime_Text_nameUnknown__C                                      
00018d98  xdc_runtime_Text_nodeTab__C                                          
00018d9c  xdc_runtime_Text_visitRopeFxn__C                                     
00018da0  xdc_runtime_Core_Module__id__C                                       
00018da2  xdc_runtime_Error_Module__loggerDefined__C                           
00018da4  xdc_runtime_Error_maxDepth__C                                        
00018da6  xdc_runtime_Memory_Module__id__C                                     
00018da8  xdc_runtime_SysMin_flushAtExit__C                                    
00018daa  xdc_runtime_Text_charCnt__C                                          
00018dac  xdc_runtime_Text_isLoaded__C                                         
00018dae  xdc_runtime_Text_registryModsLastId__C                               
00018db0  xdc_runtime_Text_unnamedModsLastId__C                                
00018db2  xdc_runtime_Error_policy__C                                          
00018db8  __TI_static_base__                                                   
000192f4  __TI_Handler_Table_Base                                              
00019300  __TI_Handler_Table_Limit                                             
00019310  __TI_CINIT_Base                                                      
00019328  __TI_CINIT_Limit                                                     
20000000  ti_sysbios_family_arm_m3_Hwi_ramVectors                              
20000380  ti_sysbios_heaps_HeapMem_Instance_State_0_buf__A                     
20005380  ti_ndk_config_Global_pit                                             
20005428  ti_ndk_config_Global_pitBuffer                                       
20009c28  _ICMPIn                                                              
20009c74  PBMQ_free                                                            
20009c80  ti_ndk_config_Global_pBufMem                                         
2000d880  ti_ndk_config_Global_pHdrMem                                         
2000db78  ti_sysbios_knl_Task_Instance_State_0_stack__A                        
2000e178  ti_sysbios_knl_Task_Instance_State_1_stack__A                        
2000e378  ti_sysbios_family_arm_m3_Hwi_dispatchTable                           
2000e6d8  __CIOBUF_                                                            
2000e8f8  tcps                                                                 
2000ea64  __TI_tmpnams                                                         
2000eb08  tempInternalValues                                                   
2000ed58  xdc_runtime_SysMin_Module_State_0_outbuf__A                          
2000edd8  ips                                                                  
2000ee40  nimu_mcb                                                             
2000eea4  _ICMPOut                                                             
2000ef30  vlan_mcb                                                             
2000ef7c  udps                                                                 
2000efa0  BlockCount                                                           
2000efbc  BlockMax                                                             
2000efd8  PageCount                                                            
2000eff4  PageMax                                                              
2000f010  stkEvent                                                             
2000f03c  ADCValues                                                            
2000f05c  raweths                                                              
2000f06c  raws                                                                 
2000f07c  tpseudo                                                              
2000f088  upseudo                                                              
2000f09c  emacObjects                                                          
2000f0a4  parmbuf                                                              
2000f0cc  _IGMPInDiscard                                                       
2000f0d0  _IGMPInQuery                                                         
2000f0d4  _IGMPInQueryGroup                                                    
2000f0d8  _IGMPInResponse                                                      
2000f0dc  _IGMPOutResponse                                                     
2000f0e0  g_ulStatus                                                           
2000f0f4  raweth_pcb                                                           
2000f0f8  ti_sysbios_knl_Task_Instance_State_0_hookEnv__A                      
2000f0fc  ti_sysbios_knl_Task_Instance_State_1_hookEnv__A                      
2000f100  HTTPStd_VER                                                          
2000f104  HTTPStd_GET                                                          
2000f108  HTTPStd_POST                                                         
2000f10c  HTTPStd_HEAD                                                         
2000f110  HTTPStd_OPTIONS                                                      
2000f114  HTTPStd_PUT                                                          
2000f118  HTTPStd_DELETE                                                       
2000f11c  HTTPStd_CONNECT                                                      
2000f120  HTTPStd_PATCH                                                        
2000f124  HTTPStd_CONTENT_TYPE_APPLET                                          
2000f128  HTTPStd_CONTENT_TYPE_AU                                              
2000f12c  HTTPStd_CONTENT_TYPE_CSS                                             
2000f130  HTTPStd_CONTENT_TYPE_DOC                                             
2000f134  HTTPStd_CONTENT_TYPE_GIF                                             
2000f138  HTTPStd_CONTENT_TYPE_HTML                                            
2000f13c  HTTPStd_CONTENT_TYPE_JPG                                             
2000f140  HTTPStd_CONTENT_TYPE_MPEG                                            
2000f144  HTTPStd_CONTENT_TYPE_PDF                                             
2000f148  HTTPStd_CONTENT_TYPE_WAV                                             
2000f14c  HTTPStd_CONTENT_TYPE_ZIP                                             
2000f150  HTTPStd_CONTENT_TYPE_PLAIN                                           
2000f154  HTTPStd_FIELD_NAME_ACCEPT                                            
2000f158  HTTPStd_FIELD_NAME_ACCEPT_CHARSET                                    
2000f15c  HTTPStd_FIELD_NAME_ACCEPT_ENCODING                                   
2000f160  HTTPStd_FIELD_NAME_ACCEPT_LANGUAGE                                   
2000f164  HTTPStd_FIELD_NAME_ACCEPT_RANGES                                     
2000f168  HTTPStd_FIELD_NAME_AGE                                               
2000f16c  HTTPStd_FIELD_NAME_ALLOW                                             
2000f170  HTTPStd_FIELD_NAME_AUTHORIZATION                                     
2000f174  HTTPStd_FIELD_NAME_CACHE_CONTROL                                     
2000f178  HTTPStd_FIELD_NAME_CONNECTION                                        
2000f17c  HTTPStd_FIELD_NAME_CONTENT_ENCODING                                  
2000f180  HTTPStd_FIELD_NAME_CONTENT_LANGUAGE                                  
2000f184  HTTPStd_FIELD_NAME_CONTENT_LENGTH                                    
2000f188  HTTPStd_FIELD_NAME_CONTENT_LOCATION                                  
2000f18c  HTTPStd_FIELD_NAME_CONTENT_MD5                                       
2000f190  HTTPStd_FIELD_NAME_CONTENT_RANGE                                     
2000f194  HTTPStd_FIELD_NAME_CONTENT_TYPE                                      
2000f198  HTTPStd_FIELD_NAME_COOKIE                                            
2000f19c  HTTPStd_FIELD_NAME_DATE                                              
2000f1a0  HTTPStd_FIELD_NAME_ETAG                                              
2000f1a4  HTTPStd_FIELD_NAME_EXPECT                                            
2000f1a8  HTTPStd_FIELD_NAME_EXPIRES                                           
2000f1ac  HTTPStd_FIELD_NAME_FROM                                              
2000f1b0  HTTPStd_FIELD_NAME_HOST                                              
2000f1b4  HTTPStd_FIELD_NAME_IF_MATCH                                          
2000f1b8  HTTPStd_FIELD_NAME_IF_MODIFIED_SINCE                                 
2000f1bc  HTTPStd_FIELD_NAME_IF_NONE_MATCH                                     
2000f1c0  HTTPStd_FIELD_NAME_IF_RANGE                                          
2000f1c4  HTTPStd_FIELD_NAME_IF_UNMODIFIED_SINCE                               
2000f1c8  HTTPStd_FIELD_NAME_LAST_MODIFIED                                     
2000f1cc  HTTPStd_FIELD_NAME_LOCATION                                          
2000f1d0  HTTPStd_FIELD_NAME_MAX_FORWARDS                                      
2000f1d4  HTTPStd_FIELD_NAME_ORIGIN                                            
2000f1d8  HTTPStd_FIELD_NAME_PRAGMA                                            
2000f1dc  HTTPStd_FIELD_NAME_PROXY_AUTHENTICATE                                
2000f1e0  HTTPStd_FIELD_NAME_PROXY_AUTHORIZATION                               
2000f1e4  HTTPStd_FIELD_NAME_RANGE                                             
2000f1e8  HTTPStd_FIELD_NAME_REFERER                                           
2000f1ec  HTTPStd_FIELD_NAME_RETRY_AFTER                                       
2000f1f0  HTTPStd_FIELD_NAME_SERVER                                            
2000f1f4  HTTPStd_FIELD_NAME_TE                                                
2000f1f8  HTTPStd_FIELD_NAME_TRAILER                                           
2000f1fc  HTTPStd_FIELD_NAME_TRANSFER_ENCODING                                 
2000f200  HTTPStd_FIELD_NAME_UPGRADE                                           
2000f204  HTTPStd_FIELD_NAME_USER_AGENT                                        
2000f208  HTTPStd_FIELD_NAME_VARY                                              
2000f20c  HTTPStd_FIELD_NAME_VIA                                               
2000f210  HTTPStd_FIELD_NAME_WWW_AUTHENTICATE                                  
2000f214  HTTPStd_FIELD_NAME_WARNING                                           
2000f218  HTTPStd_FIELD_NAME_X_FORWARDED_FOR                                   
2000f21c  _ftable                                                              
2000f30c  ti_sysbios_family_arm_lm4_Timer_Object__table__V                     
2000f3cc  _ipcfg                                                               
2000f480  ti_sysbios_knl_Task_Object__table__V                                 
2000f518  ti_sysbios_knl_Swi_Module_State_0_readyQ__A                          
2000f598  ti_sysbios_knl_Task_Module_State_0_readyQ__A                         
2000f618  _device                                                              
2000f690  ti_sysbios_knl_Swi_Object__table__V                                  
2000f6f0  _stream                                                              
2000f790  ti_sysbios_family_arm_m3_Hwi_Object__table__V                        
2000f7d8  ti_sysbios_knl_Task_Module__state__V                                 
2000f89c  ti_sysbios_family_arm_lm4_Timer_Module_State_0_device__A             
2000f8dc  ti_sysbios_gates_GateMutex_Object__table__V                          
2000f948  ti_sysbios_family_arm_m3_Hwi_Module__state__V                        
2000f97c  enablePrefetch                                                       
2000f980  phyCounter                                                           
2000f9ae  ti_sysbios_family_arm_m3_Hwi_Module_State_0_excActive__A             
2000f9e0  ti_sysbios_knl_Clock_Module__state__V                                
2000fa0c  pstrMsgName                                                          
2000fa34  ti_sysbios_knl_Semaphore_Object__table__V                            
2000fa5c  _oscfg                                                               
2000fa80  PITCount                                                             
2000fa84  PITUsed                                                              
2000fa88  PITHigh                                                              
2000faa4  ti_sysbios_BIOS_Module__state__V                                     
2000fac8  ti_sysbios_family_arm_lm4_Timer_Module_State_0_handles__A            
2000fae8  echoServPort                                                         
2000faec  servIP                                                               
2000faf0  tempOpenWeather                                                      
2000faf8  tempInternalAverage                                                  
2000fb00  lastTempIndex                                                        
2000fb20  ti_ndk_config_Global_Id2Size                                         
2000fb3c  ti_sysbios_knl_Swi_Module__state__V                                  
2000fba0  ti_sysbios_heaps_HeapMem_Object__table__V                            
2000fbf4  gpioPinConfigs                                                       
2000fc14  __TI_ft_end                                                          
2000fc18  __aeabi_stdin                                                        
2000fc1c  __aeabi_stdout                                                       
2000fc20  __aeabi_stderr                                                       
2000fc2c  _IGMPForceVersion1                                                   
2000fc34  ti_sysbios_hal_Timer_Object__table__V                                
2000fc44  __TI_cleanup_ptr                                                     
2000fc48  __TI_dtors_ptr                                                       
2000fc4c  __TI_enable_exit_profile_output                                      
2000fc50  ti_sysbios_family_arm_lm4_Timer_Module__state__V                     
2000fc5c  xdc_runtime_SysMin_Module__state__V                                  
2000fc74  _lock                                                                
2000fc78  _unlock                                                              
2000fc7c  NIMUDeviceTable                                                      
2000fc84  gpioCallbackFunctions                                                
2000fc8c  ti_ndk_config_Global_HostName                                        
2000fc90  __xdc__init__addr                                                    
2000fca4  _ICMPInErrors                                                        
2000fca8  _ICMPOutErrors                                                       
2000fcac  _IPExecuting                                                         
2000fcc4  tcp_iss                                                              
2000fcc8  ptTimeFirst                                                          
2000fcd4  ti_sysbios_family_arm_m3_Hwi_Module__root__V                         
2000fcdc  ti_sysbios_gates_GateHwi_Module__root__V                             
2000fce4  ti_sysbios_gates_GateMutex_Module__root__V                           
2000fcec  ti_sysbios_heaps_HeapMem_Module__root__V                             
2000fcf4  ti_sysbios_knl_Clock_Module__root__V                                 
2000fcfc  ti_sysbios_knl_Queue_Module__root__V                                 
2000fd04  ti_sysbios_knl_Semaphore_Module__root__V                             
2000fd0c  ti_sysbios_knl_Swi_Module__root__V                                   
2000fd14  ti_sysbios_knl_Task_Module__root__V                                  
2000fd1c  xdc_runtime_Registry_Module__state__V                                
2000fd24  xdc_runtime_Startup_Module__state__V                                 
2000fd2c  xdc_runtime_System_Module_State_0_atexitHandlers__A                  
2000fd34  xdc_runtime_System_Module__state__V                                  
2000fd3c  macAddress                                                           
2000fd4e  xdc_runtime_Error_Module__state__V                                   
2000fd5c  errno                                                                
2000fd60  main_func_sp                                                         
2000fd68  _IPReasmPtr                                                          
2000fd78  ti_sysbios_family_arm_m3_Hwi_Module_State_0_excContext__A            
2000fd7c  ti_sysbios_family_arm_m3_Hwi_Module_State_0_excStack__A              
2000fd80  ti_sysbios_gates_GateHwi_Object__table__V                            
2000fd84  ti_sysbios_knl_Task_Module_State_0_idleTask__A                       
2000fd88  xdc_runtime_Memory_Module__state__V                                  
2000fd90  __stack                                                              
20010590  __STACK_END                                                          
e000e000  ti_sysbios_family_arm_m3_Hwi_nvic                                    
ffffffff  __TI_pprof_out_hndl                                                  
ffffffff  __TI_prof_data_size                                                  
ffffffff  __TI_prof_data_start                                                 
ffffffff  __binit__                                                            
ffffffff  __c_args__                                                           
ffffffff  binit                                                                
UNDEFED   SHT$$INIT_ARRAY$$Base                                                
UNDEFED   SHT$$INIT_ARRAY$$Limit                                               

[1180 symbols]
